TOTAL ACTUAL: 27166 / 32000
  [shoppingchina] proceso muerto, relanzando (checkpoint resumible)
  [shoppingchina] iniciado PID=23340
  [visaovip] nada nuevo (ya en DB)
  [elegancia] subidos 3 de 171
  newzone 'home': 80 productos
  newzone 'home': 80 productos
  newzone 'home': 80 productos
  newzone 'home': 80 productos
  newzone 'home': 80 productos
  newzone 'home': 80 productos
  newzone 'home': 80 productos
  newzone 'home': 80 productos
  newzone 'home': 80 productos
  newzone 'home': 80 productos
  newzone 'home': 80 productos
  newzone 'home': 80 productos
  newzone 'home': 80 productos
  newzone 'home': 80 productos
  newzone 'home': 80 productos
  newzone 'home': 80 productos
  newzone 'home': 80 productos
  newzone 'home': 80 productos
  newzone 'home': 80 productos
  newzone 'home': 80 productos
  newzone 'home': 80 productos
  newzone 'home': 80 productos
  newzone 'home': 80 productos
  newzone 'home': 80 productos
  newzone 'home': 80 productos
  newzone 'home': 80 productos
  newzone 'home': 80 productos
  newzone 'home': 80 productos
  newzone 'home': 80 productos
  newzone 'home': 80 productos
  newzone 'home': 80 productos
  newzone 'home': 80 productos
  newzone 'home': 80 productos
  newzone 'home': 80 productos
  newzone 'home': 80 productos
  newzone 'home': 80 productos
  newzone 'home': 80 productos
  newzone 'home': 80 productos
  newzone 'home': 80 productos
  [newzone] subidos 80 de 80
  [oneclick] nada nuevo (ya en DB)
  topdek 'placa-mae': 37 productos
  topdek 'placa-de-video': 36 productos
  topdek 'processador': 36 productos
  topdek 'memoria-ram': 36 productos
  topdek 'notebook-e-pc-mini': 36 productos
  topdek 'cadeira-gamer': 36 productos
  topdek 'destaques': 12 productos
  topdek 'pc-montado': 35 productos
  topdek 'caixa-de-som': 36 productos
  topdek 'cadeira-escritorio': 18 productos
  topdek 'placa-mae': 37 productos
  topdek 'placa-de-video': 36 productos
  topdek 'processador': 36 productos
  topdek 'memoria-ram': 36 productos
  topdek 'notebook-e-pc-mini': 36 productos
  topdek 'cadeira-gamer': 36 productos
  topdek 'destaques': 12 productos
  topdek 'pc-montado': 35 productos
  topdek 'caixa-de-som': 36 productos
  topdek 'cadeira-escritorio': 18 productos
  topdek 'placa-mae': 37 productos
  topdek 'placa-de-video': 36 productos
  topdek 'processador': 36 productos
  topdek 'memoria-ram': 36 productos
  topdek 'notebook-e-pc-mini': 36 productos
  topdek 'cadeira-gamer': 36 productos
  topdek 'destaques': 12 productos
  topdek 'pc-montado': 35 productos
  topdek 'caixa-de-som': 36 productos
  topdek 'cadeira-escritorio': 18 productos
  topdek 'placa-mae': 37 productos
  topdek 'placa-de-video': 36 productos
  topdek 'processador': 36 productos
  topdek 'memoria-ram': 36 productos
  topdek 'notebook-e-pc-mini': 36 productos
  topdek 'cadeira-gamer': 36 productos
  topdek 'destaques': 12 productos
  topdek 'pc-montado': 35 productos
  topdek 'caixa-de-som': 36 productos
  topdek 'cadeira-escritorio': 18 productos
  topdek 'placa-mae': 37 productos
  topdek 'placa-de-video': 36 productos
  topdek 'processador': 36 productos
  topdek 'memoria-ram': 36 productos
  topdek 'notebook-e-pc-mini': 36 productos
  topdek 'cadeira-gamer': 36 productos
  topdek 'destaques': 12 productos
  topdek 'pc-montado': 35 productos
  topdek 'caixa-de-som': 36 productos
  topdek 'cadeira-escritorio': 18 productos
  topdek 'placa-mae': 37 productos
  topdek 'placa-de-video': 36 productos
  topdek 'processador': 36 productos
  topdek 'memoria-ram': 36 productos
  topdek 'notebook-e-pc-mini': 36 productos
  topdek 'cadeira-gamer': 36 productos
  topdek 'destaques': 12 productos
  topdek 'pc-montado': 35 productos
  topdek 'caixa-de-som': 36 productos
  topdek 'cadeira-escritorio': 18 productos
  topdek 'placa-mae': 37 productos
  topdek 'placa-de-video': 36 productos
  topdek 'processador': 36 productos
  topdek 'memoria-ram': 36 productos
  topdek 'notebook-e-pc-mini': 36 productos
  topdek 'cadeira-gamer': 36 productos
  topdek 'destaques': 12 productos
  topdek 'pc-montado': 35 productos
  topdek 'caixa-de-som': 36 productos
  topdek 'cadeira-escritorio': 18 productos
  topdek 'placa-mae': 37 productos
  topdek 'placa-de-video': 36 productos
  topdek 'processador': 36 productos
  topdek 'memoria-ram': 36 productos
  topdek 'notebook-e-pc-mini': 36 productos
  topdek 'cadeira-gamer': 36 productos
  topdek 'destaques': 12 productos
  topdek 'pc-montado': 35 productos
  topdek 'caixa-de-som': 36 productos
  topdek 'cadeira-escritorio': 18 productos
  topdek 'placa-mae': 37 productos
  topdek 'placa-de-video': 36 productos
  topdek 'processador': 36 productos
  topdek 'memoria-ram': 36 productos
  topdek 'notebook-e-pc-mini': 36 productos
  topdek 'cadeira-gamer': 36 productos
  topdek 'destaques': 12 productos
  topdek 'pc-montado': 35 productos
  topdek 'caixa-de-som': 36 productos
  topdek 'cadeira-escritorio': 18 productos
  topdek 'placa-mae': 37 productos
  topdek 'placa-de-video': 36 productos
  topdek 'processador': 36 productos
  topdek 'memoria-ram': 36 productos
  topdek 'notebook-e-pc-mini': 36 productos
  topdek 'cadeira-gamer': 36 productos
  topdek 'destaques': 12 productos
  topdek 'pc-montado': 35 productos
  topdek 'caixa-de-som': 36 productos
  topdek 'cadeira-escritorio': 18 productos
  topdek 'placa-mae': 37 productos
  topdek 'placa-de-video': 36 productos
  topdek 'processador': 36 productos
  topdek 'memoria-ram': 36 productos
  topdek 'notebook-e-pc-mini': 36 productos
  topdek 'cadeira-gamer': 36 productos
  topdek 'destaques': 12 productos
  topdek 'pc-montado': 35 productos
  topdek 'caixa-de-som': 36 productos
  topdek 'cadeira-escritorio': 18 productos
  topdek 'placa-mae': 37 productos
  topdek 'placa-de-video': 36 productos
  topdek 'processador': 36 productos
  topdek 'memoria-ram': 36 productos
  topdek 'notebook-e-pc-mini': 36 productos
  topdek 'cadeira-gamer': 36 productos
  topdek 'destaques': 12 productos
  topdek 'pc-montado': 35 productos
  topdek 'caixa-de-som': 36 productos
  topdek 'cadeira-escritorio': 18 productos
  topdek 'placa-mae': 37 productos
  topdek 'placa-de-video': 36 productos
  topdek 'processador': 36 productos
  topdek 'memoria-ram': 36 productos
  topdek 'notebook-e-pc-mini': 36 productos
  topdek 'cadeira-gamer': 36 productos
  topdek 'destaques': 12 productos
  topdek 'pc-montado': 35 productos
  topdek 'caixa-de-som': 36 productos
  topdek 'cadeira-escritorio': 18 productos
  topdek 'placa-mae': 37 productos
  topdek 'placa-de-video': 36 productos
  topdek 'processador': 36 productos
  topdek 'memoria-ram': 36 productos
  topdek 'notebook-e-pc-mini': 36 productos
  topdek 'cadeira-gamer': 36 productos
  topdek 'destaques': 12 productos
  topdek 'pc-montado': 35 productos
  topdek 'caixa-de-som': 36 productos
  topdek 'cadeira-escritorio': 18 productos
  topdek 'placa-mae': 37 productos
  topdek 'placa-de-video': 36 productos
  topdek 'processador': 36 productos
  topdek 'memoria-ram': 36 productos
  topdek 'notebook-e-pc-mini': 36 productos
  topdek 'cadeira-gamer': 36 productos
  topdek 'destaques': 12 productos
  topdek 'pc-montado': 35 productos
  topdek 'caixa-de-som': 36 productos
  topdek 'cadeira-escritorio': 18 productos
  topdek 'placa-mae': 37 productos
  topdek 'placa-de-video': 36 productos
  topdek 'processador': 36 productos
  topdek 'memoria-ram': 36 productos
  topdek 'notebook-e-pc-mini': 36 productos
  topdek 'cadeira-gamer': 36 productos
  topdek 'destaques': 12 productos
  topdek 'pc-montado': 35 productos
  topdek 'caixa-de-som': 36 productos
  topdek 'cadeira-escritorio': 18 productos
  topdek 'placa-mae': 37 productos
  topdek 'placa-de-video': 36 productos
  topdek 'processador': 36 productos
  topdek 'memoria-ram': 36 productos
  topdek 'notebook-e-pc-mini': 36 productos
  topdek 'cadeira-gamer': 36 productos
  topdek 'destaques': 12 productos
  topdek 'pc-montado': 35 productos
  topdek 'caixa-de-som': 36 productos
  topdek 'cadeira-escritorio': 18 productos
  topdek 'placa-mae': 37 productos
  topdek 'placa-de-video': 36 productos
  topdek 'processador': 36 productos
  topdek 'memoria-ram': 36 productos
  topdek 'notebook-e-pc-mini': 36 productos
  topdek 'cadeira-gamer': 36 productos
  topdek 'destaques': 12 productos
  topdek 'pc-montado': 35 productos
  topdek 'caixa-de-som': 36 productos
  topdek 'cadeira-escritorio': 18 productos
  topdek 'placa-mae': 37 productos
  topdek 'placa-de-video': 36 productos
  topdek 'processador': 36 productos
  topdek 'memoria-ram': 36 productos
  topdek 'notebook-e-pc-mini': 36 productos
  topdek 'cadeira-gamer': 36 productos
  topdek 'destaques': 12 productos
  topdek 'pc-montado': 35 productos
  topdek 'caixa-de-som': 36 productos
  topdek 'cadeira-escritorio': 18 productos
  topdek 'placa-mae': 37 productos
  topdek 'placa-de-video': 36 productos
  topdek 'processador': 36 productos
  topdek 'memoria-ram': 36 productos
  topdek 'notebook-e-pc-mini': 36 productos
  topdek 'cadeira-gamer': 36 productos
  topdek 'destaques': 12 productos
  topdek 'pc-montado': 35 productos
  topdek 'caixa-de-som': 36 productos
  topdek 'cadeira-escritorio': 18 productos
  topdek 'placa-mae': 37 productos
  topdek 'placa-de-video': 36 productos
  topdek 'processador': 36 productos
  topdek 'memoria-ram': 36 productos
  topdek 'notebook-e-pc-mini': 36 productos
  topdek 'cadeira-gamer': 36 productos
  topdek 'destaques': 12 productos
  topdek 'pc-montado': 35 productos
  topdek 'caixa-de-som': 36 productos
  topdek 'cadeira-escritorio': 18 productos
  topdek 'placa-mae': 37 productos
  topdek 'placa-de-video': 36 productos
  topdek 'processador': 36 productos
  topdek 'memoria-ram': 36 productos
  topdek 'notebook-e-pc-mini': 36 productos
  topdek 'cadeira-gamer': 36 productos
  topdek 'destaques': 12 productos
  topdek 'pc-montado': 35 productos
  topdek 'caixa-de-som': 36 productos
  topdek 'cadeira-escritorio': 18 productos
  topdek 'placa-mae': 37 productos
  topdek 'placa-de-video': 36 productos
  topdek 'processador': 36 productos
  topdek 'memoria-ram': 36 productos
  topdek 'notebook-e-pc-mini': 36 productos
  topdek 'cadeira-gamer': 36 productos
  topdek 'destaques': 12 productos
  topdek 'pc-montado': 35 productos
  topdek 'caixa-de-som': 36 productos
  topdek 'cadeira-escritorio': 18 productos
  topdek 'placa-mae': 37 productos
  topdek 'placa-de-video': 36 productos
  topdek 'processador': 36 productos
  topdek 'memoria-ram': 36 productos
  topdek 'notebook-e-pc-mini': 36 productos
  topdek 'cadeira-gamer': 36 productos
  topdek 'destaques': 12 productos
  topdek 'pc-montado': 35 productos
  topdek 'caixa-de-som': 36 productos
  topdek 'cadeira-escritorio': 18 productos
  topdek 'placa-mae': 37 productos
  topdek 'placa-de-video': 36 productos
  topdek 'processador': 36 productos
  topdek 'memoria-ram': 36 productos
  topdek 'notebook-e-pc-mini': 36 productos
  topdek 'cadeira-gamer': 36 productos
  topdek 'destaques': 12 productos
  topdek 'pc-montado': 35 productos
  topdek 'caixa-de-som': 36 productos
  topdek 'cadeira-escritorio': 18 productos
  topdek 'placa-mae': 37 productos
  topdek 'placa-de-video': 36 productos
  topdek 'processador': 36 productos
  topdek 'memoria-ram': 36 productos
  topdek 'notebook-e-pc-mini': 36 productos
  topdek 'cadeira-gamer': 36 productos
  topdek 'destaques': 12 productos
  topdek 'pc-montado': 35 productos
  topdek 'caixa-de-som': 36 productos
  topdek 'cadeira-escritorio': 18 productos
  topdek 'placa-mae': 37 productos
  topdek 'placa-de-video': 36 productos
  topdek 'processador': 36 productos
  topdek 'memoria-ram': 36 productos
  topdek 'notebook-e-pc-mini': 36 productos
  topdek 'cadeira-gamer': 36 productos
  topdek 'destaques': 12 productos
  topdek 'pc-montado': 35 productos
  topdek 'caixa-de-som': 36 productos
  topdek 'cadeira-escritorio': 18 productos
  topdek 'placa-mae': 37 productos
  topdek 'placa-de-video': 36 productos
  topdek 'processador': 36 productos
  topdek 'memoria-ram': 36 productos
  topdek 'notebook-e-pc-mini': 36 productos
  topdek 'cadeira-gamer': 36 productos
  topdek 'destaques': 12 productos
  topdek 'pc-montado': 35 productos
  topdek 'caixa-de-som': 36 productos
  topdek 'cadeira-escritorio': 18 productos
  topdek 'placa-mae': 37 productos
  topdek 'placa-de-video': 36 productos
  topdek 'processador': 36 productos
  topdek 'memoria-ram': 36 productos
  topdek 'notebook-e-pc-mini': 36 productos
  topdek 'cadeira-gamer': 36 productos
  topdek 'destaques': 12 productos
  topdek 'pc-montado': 35 productos
  topdek 'caixa-de-som': 36 productos
  topdek 'cadeira-escritorio': 18 productos
  topdek 'placa-mae': 37 productos
  topdek 'placa-de-video': 36 productos
  topdek 'processador': 36 productos
  topdek 'memoria-ram': 36 productos
  topdek 'notebook-e-pc-mini': 36 productos
  topdek 'cadeira-gamer': 36 productos
  topdek 'destaques': 12 productos
  topdek 'pc-montado': 35 productos
  topdek 'caixa-de-som': 36 productos
  topdek 'cadeira-escritorio': 18 productos
  topdek 'placa-mae': 37 productos
  topdek 'processador': 36 productos
  topdek 'memoria-ram': 36 productos
  topdek 'notebook-e-pc-mini': 36 productos
  topdek 'cadeira-gamer': 36 productos
  topdek 'destaques': 12 productos
  topdek 'pc-montado': 35 productos
  topdek 'cadeira-escritorio': 18 productos
  topdek 'placa-de-video': 37 productos
  topdek 'processador': 36 productos
  topdek 'memoria-ram': 36 productos
  topdek 'notebook-e-pc-mini': 36 productos
  topdek 'cadeira-gamer': 36 productos
  topdek 'destaques': 12 productos
  topdek 'pc-montado': 35 productos
  topdek 'caixa-de-som': 36 productos
  topdek 'cadeira-escritorio': 18 productos
  topdek 'placa-mae': 37 productos
  topdek 'placa-de-video': 36 productos
  topdek 'processador': 36 productos
  topdek 'memoria-ram': 36 productos
  topdek 'notebook-e-pc-mini': 36 productos
  topdek 'cadeira-gamer': 36 productos
  topdek 'destaques': 12 productos
  topdek 'pc-montado': 35 productos
  topdek 'caixa-de-som': 36 productos
  topdek 'cadeira-escritorio': 18 productos
  topdek 'placa-mae': 37 productos
  topdek 'placa-de-video': 36 productos
  topdek 'processador': 36 productos
  topdek 'memoria-ram': 36 productos
  topdek 'notebook-e-pc-mini': 36 productos
  topdek 'cadeira-gamer': 36 productos
  topdek 'destaques': 12 productos
  topdek 'pc-montado': 35 productos
  topdek 'caixa-de-som': 36 productos
  topdek 'cadeira-escritorio': 18 productos
  topdek 'placa-mae': 37 productos
  topdek 'placa-de-video': 36 productos
  topdek 'processador': 36 productos
  topdek 'memoria-ram': 36 productos
  topdek 'notebook-e-pc-mini': 36 productos
  topdek 'cadeira-gamer': 36 productos
  topdek 'destaques': 12 productos
  topdek 'pc-montado': 35 productos
  topdek 'caixa-de-som': 36 productos
  topdek 'cadeira-escritorio': 18 productos
  topdek 'placa-mae': 37 productos
  topdek 'placa-de-video': 36 productos
  topdek 'processador': 36 productos
  topdek 'memoria-ram': 36 productos
  topdek 'notebook-e-pc-mini': 36 productos
  topdek 'cadeira-gamer': 36 productos
  topdek 'destaques': 12 productos
  topdek 'pc-montado': 35 productos
  topdek 'caixa-de-som': 36 productos
  topdek 'cadeira-escritorio': 18 productos
  topdek 'placa-mae': 37 productos
  topdek 'placa-de-video': 36 productos
  topdek 'processador': 36 productos
  topdek 'memoria-ram': 36 productos
  topdek 'notebook-e-pc-mini': 36 productos
  topdek 'cadeira-gamer': 36 productos
  topdek 'destaques': 12 productos
  topdek 'pc-montado': 35 productos
  topdek 'caixa-de-som': 36 productos
  topdek 'cadeira-escritorio': 18 productos
  topdek 'placa-mae': 37 productos
  topdek 'placa-de-video': 36 productos
  topdek 'processador': 36 productos
  topdek 'memoria-ram': 36 productos
  topdek 'notebook-e-pc-mini': 36 productos
  topdek 'cadeira-gamer': 36 productos
  topdek 'destaques': 12 productos
  topdek 'pc-montado': 35 productos
  topdek 'caixa-de-som': 36 productos
  topdek 'cadeira-escritorio': 18 productos
  topdek 'placa-mae': 37 productos
  topdek 'placa-de-video': 36 productos
  topdek 'processador': 36 productos
  topdek 'memoria-ram': 36 productos
  topdek 'notebook-e-pc-mini': 36 productos
  topdek 'cadeira-gamer': 36 productos
  topdek 'destaques': 12 productos
  topdek 'pc-montado': 35 productos
  topdek 'cadeira-escritorio': 18 productos
  [topdek] subidos 41 de 319
  agatres page 1: 99 productos
  agatres page 2: 99 productos
  agatres page 3: 99 productos
  agatres page 4: 99 productos
  agatres page 5: 99 productos
  agatres page 6: 99 productos
  agatres page 7: 99 productos
  agatres page 8: 99 productos
  agatres page 9: 99 productos
  agatres page 10: 99 productos
  agatres page 11: 99 productos
  agatres page 12: 99 productos
  agatres page 13: 99 productos
  agatres page 14: 99 productos
  agatres page 15: 99 productos
  agatres page 16: 99 productos
  agatres page 17: 99 productos
  agatres page 18: 99 productos
  agatres page 19: 99 productos
  agatres page 20: 99 productos
  agatres page 21: 99 productos
  agatres page 22: 99 productos
  agatres page 23: 99 productos
  agatres page 24: 99 productos
  agatres page 25: 99 productos
  agatres page 26: 99 productos
  agatres page 27: 99 productos
  agatres page 28: 99 productos
  agatres page 29: 99 productos
  agatres page 30: 99 productos
  agatres page 31: 99 productos
  agatres page 32: 99 productos
  agatres page 33: 99 productos
  agatres page 34: 99 productos
  agatres page 35: 99 productos
  agatres page 36: 99 productos
  agatres page 37: 99 productos
  agatres page 38: 99 productos
  agatres page 39: 99 productos
  agatres page 40: 99 productos
  agatres page 41: 99 productos
  agatres page 42: 99 productos
  agatres page 43: 99 productos
  agatres page 44: 99 productos
  agatres page 45: 99 productos
  agatres page 46: 99 productos
  agatres page 47: 99 productos
  agatres page 48: 99 productos
  agatres page 49: 99 productos
  agatres page 50: 99 productos
  agatres page 51: 99 productos
  agatres page 52: 99 productos
  agatres page 53: 99 productos
  agatres page 54: 99 productos
  agatres page 55: 99 productos
  agatres page 56: 99 productos
  agatres page 57: 99 productos
  agatres page 58: 99 productos
  agatres page 59: 99 productos
  agatres page 60: 99 productos
  agatres page 61: 99 productos
  agatres page 62: 99 productos
  agatres page 63: 47 productos
  agatres page 1: 99 productos
  agatres page 2: 99 productos
  agatres page 3: 99 productos
  agatres page 4: 99 productos
  agatres page 5: 99 productos
  agatres page 6: 99 productos
  agatres page 7: 99 productos
  agatres page 8: 99 productos
  agatres page 9: 99 productos
  agatres page 10: 99 productos
  agatres page 11: 99 productos
  agatres page 12: 99 productos
  agatres page 13: 99 productos
  agatres page 14: 99 productos
  agatres page 15: 99 productos
  agatres page 16: 99 productos
  agatres page 17: 99 productos
  agatres page 18: 99 productos
  agatres page 19: 99 productos
  agatres page 20: 99 productos
  agatres page 21: 99 productos
  agatres page 22: 99 productos
  agatres page 23: 99 productos
  agatres page 24: 99 productos
  agatres page 25: 99 productos
  agatres page 26: 99 productos
  agatres page 27: 99 productos
  agatres page 28: 99 productos
  agatres page 29: 99 productos
  agatres page 30: 99 productos
  agatres page 31: 99 productos
  agatres page 32: 99 productos
  agatres page 33: 99 productos
  agatres page 34: 99 productos
  agatres page 35: 99 productos
  agatres page 36: 99 productos
  agatres page 37: 99 productos
  agatres page 38: 99 productos
  agatres page 39: 99 productos
  agatres page 40: 99 productos
  agatres page 41: 99 productos
  agatres page 42: 99 productos
  agatres page 43: 99 productos
  agatres page 44: 99 productos
  agatres page 45: 99 productos
  agatres page 46: 99 productos
  agatres page 47: 99 productos
  agatres page 48: 99 productos
  agatres page 49: 99 productos
  agatres page 50: 99 productos
  agatres page 51: 99 productos
  agatres page 52: 99 productos
  agatres page 53: 99 productos
  agatres page 54: 99 productos
  agatres page 55: 99 productos
  agatres page 56: 99 productos
  agatres page 57: 99 productos
  agatres page 58: 99 productos
  agatres page 59: 99 productos
  agatres page 60: 99 productos
  agatres page 61: 99 productos
  agatres page 62: 99 productos
  agatres page 63: 47 productos
  agatres page 1: 99 productos
  agatres page 2: 99 productos
  agatres page 3: 99 productos
  agatres page 4: 99 productos
  agatres page 5: 99 productos
  agatres page 6: 99 productos
  agatres page 7: 99 productos
  agatres page 8: 99 productos
  agatres page 9: 99 productos
  agatres page 10: 99 productos
  agatres page 11: 99 productos
  agatres page 12: 99 productos
  agatres page 13: 99 productos
  agatres page 14: 99 productos
  agatres page 15: 99 productos
  agatres page 16: 99 productos
  agatres page 17: 99 productos
  agatres page 18: 99 productos
  agatres page 19: 99 productos
  agatres page 20: 99 productos
  agatres page 21: 99 productos
  agatres page 22: 99 productos
  agatres page 23: 99 productos
  agatres page 24: 99 productos
  agatres page 25: 99 productos
  agatres page 26: 99 productos
  agatres page 27: 99 productos
  agatres page 28: 99 productos
  agatres page 29: 99 productos
  agatres page 30: 99 productos
  agatres page 31: 99 productos
  agatres page 32: 99 productos
  agatres page 33: 99 productos
  agatres page 34: 99 productos
  agatres page 35: 99 productos
  agatres page 36: 99 productos
  agatres page 37: 99 productos
  agatres page 38: 99 productos
  agatres page 39: 99 productos
  agatres page 40: 99 productos
  agatres page 41: 99 productos
  agatres page 42: 99 productos
  agatres page 43: 99 productos
  agatres page 44: 99 productos
  agatres page 45: 99 productos
  agatres page 46: 99 productos
  agatres page 47: 99 productos
  agatres page 48: 99 productos
  agatres page 49: 99 productos
  agatres page 50: 99 productos
  agatres page 51: 99 productos
  agatres page 52: 99 productos
  agatres page 53: 99 productos
  agatres page 54: 99 productos
  agatres page 55: 99 productos
  agatres page 56: 99 productos
  agatres page 57: 99 productos
  agatres page 58: 99 productos
  agatres page 59: 99 productos
  agatres page 60: 99 productos
  agatres page 61: 99 productos
  agatres page 62: 99 productos
  agatres page 63: 47 productos
  agatres page 1: 99 productos
  agatres page 2: 99 productos
  agatres page 3: 99 productos
  agatres page 4: 99 productos
  agatres page 5: 99 productos
  agatres page 6: 99 productos
  agatres page 7: 99 productos
  agatres page 8: 99 productos
  agatres page 9: 99 productos
  agatres page 10: 99 productos
  agatres page 11: 99 productos
  agatres page 12: 99 productos
  agatres page 13: 99 productos
  agatres page 14: 99 productos
  agatres page 15: 99 productos
  agatres page 16: 99 productos
  agatres page 17: 99 productos
  agatres page 18: 99 productos
  agatres page 19: 99 productos
  agatres page 20: 99 productos
  agatres page 21: 99 productos
  agatres page 22: 99 productos
  agatres page 23: 99 productos
  agatres page 24: 99 productos
  agatres page 25: 99 productos
  agatres page 26: 99 productos
  agatres page 27: 99 productos
  agatres page 28: 99 productos
  agatres page 29: 99 productos
  agatres page 30: 99 productos
  agatres page 31: 99 productos
  agatres page 32: 99 productos
  agatres page 33: 99 productos
  agatres page 34: 99 productos
  agatres page 35: 99 productos
  agatres page 36: 99 productos
  agatres page 37: 99 productos
  agatres page 38: 99 productos
  agatres page 39: 99 productos
  agatres page 40: 99 productos
  agatres page 41: 99 productos
  agatres page 42: 99 productos
  agatres page 43: 99 productos
  agatres page 44: 99 productos
  agatres page 45: 99 productos
  agatres page 46: 99 productos
  agatres page 47: 99 productos
  agatres page 48: 99 productos
  agatres page 49: 99 productos
  agatres page 50: 99 productos
  agatres page 51: 99 productos
  agatres page 52: 99 productos
  agatres page 53: 99 productos
  agatres page 54: 99 productos
  agatres page 55: 99 productos
  agatres page 56: 99 productos
  agatres page 57: 99 productos
  agatres page 58: 99 productos
  agatres page 59: 99 productos
  agatres page 60: 99 productos
  agatres page 61: 99 productos
  agatres page 62: 99 productos
  agatres page 63: 47 productos
  agatres page 1: 99 productos
  agatres page 2: 99 productos
  agatres page 3: 99 productos
  agatres page 4: 99 productos
  agatres page 5: 99 productos
  agatres page 6: 99 productos
  agatres page 7: 99 productos
  agatres page 8: 99 productos
  agatres page 9: 99 productos
  agatres page 10: 99 productos
  agatres page 11: 99 productos
  agatres page 12: 99 productos
  agatres page 13: 99 productos
  agatres page 14: 99 productos
  agatres page 15: 99 productos
  agatres page 16: 99 productos
  agatres page 17: 99 productos
  agatres page 18: 99 productos
  agatres page 19: 99 productos
  agatres page 20: 99 productos
  agatres page 21: 99 productos
  agatres page 22: 99 productos
  agatres page 23: 99 productos
  agatres page 24: 99 productos
  agatres page 25: 99 productos
  agatres page 26: 99 productos
  agatres page 27: 99 productos
  agatres page 28: 99 productos
  agatres page 29: 99 productos
  agatres page 30: 99 productos
  agatres page 31: 99 productos
  agatres page 32: 99 productos
  agatres page 33: 99 productos
  agatres page 34: 99 productos
  agatres page 35: 99 productos
  agatres page 36: 99 productos
  agatres page 37: 99 productos
  agatres page 38: 99 productos
  agatres page 39: 99 productos
  agatres page 40: 99 productos
  agatres page 41: 99 productos
  agatres page 42: 99 productos
  agatres page 43: 99 productos
  agatres page 44: 99 productos
  agatres page 45: 99 productos
  agatres page 46: 99 productos
  agatres page 47: 99 productos
  agatres page 48: 99 productos
  agatres page 49: 99 productos
  agatres page 50: 99 productos
  agatres page 51: 99 productos
  agatres page 52: 99 productos
  agatres page 53: 99 productos
  agatres page 54: 99 productos
  agatres page 55: 99 productos
  agatres page 56: 99 productos
  agatres page 57: 99 productos
  agatres page 58: 99 productos
  agatres page 59: 99 productos
  agatres page 60: 99 productos
  agatres page 61: 99 productos
  agatres page 62: 99 productos
  agatres page 63: 47 productos
  agatres page 1: 99 productos
  agatres page 2: 99 productos
  agatres page 3: 99 productos
  agatres page 4: 99 productos
  agatres page 5: 99 productos
  agatres page 6: 99 productos
  agatres page 7: 99 productos
  agatres page 8: 99 productos
  agatres page 9: 99 productos
  agatres page 10: 99 productos
  agatres page 11: 99 productos
  agatres page 12: 99 productos
  agatres page 13: 99 productos
  agatres page 14: 99 productos
  agatres page 15: 99 productos
  agatres page 16: 99 productos
  agatres page 17: 99 productos
  agatres page 18: 99 productos
  agatres page 19: 99 productos
  agatres page 20: 99 productos
  agatres page 21: 99 productos
  agatres page 22: 99 productos
  agatres page 23: 99 productos
  agatres page 24: 99 productos
  agatres page 25: 99 productos
  agatres page 26: 99 productos
  agatres page 27: 99 productos
  agatres page 28: 99 productos
  agatres page 29: 99 productos
  agatres page 30: 99 productos
  agatres page 31: 99 productos
  agatres page 32: 99 productos
  agatres page 33: 99 productos
  agatres page 34: 99 productos
  agatres page 35: 99 productos
  agatres page 36: 99 productos
  agatres page 37: 99 productos
  agatres page 38: 99 productos
  agatres page 39: 99 productos
  agatres page 40: 99 productos
  agatres page 41: 99 productos
  agatres page 42: 99 productos
  agatres page 43: 99 productos
  agatres page 44: 99 productos
  agatres page 45: 99 productos
  agatres page 46: 99 productos
  agatres page 47: 99 productos
  agatres page 48: 99 productos
  agatres page 49: 99 productos
  agatres page 50: 99 productos
  agatres page 51: 99 productos
  agatres page 52: 99 productos
  agatres page 53: 99 productos
  agatres page 54: 99 productos
  agatres page 55: 99 productos
  agatres page 56: 99 productos
  agatres page 57: 99 productos
  agatres page 58: 99 productos
  agatres page 59: 99 productos
  agatres page 60: 99 productos
  agatres page 61: 99 productos
  agatres page 62: 99 productos
  agatres page 63: 47 productos
  agatres page 1: 99 productos
  agatres page 2: 99 productos
  agatres page 3: 99 productos
  agatres page 4: 99 productos
  agatres page 5: 99 productos
  agatres page 6: 99 productos
  agatres page 7: 99 productos
  agatres page 8: 99 productos
  agatres page 9: 99 productos
  agatres page 10: 99 productos
  agatres page 11: 99 productos
  agatres page 12: 99 productos
  agatres page 13: 99 productos
  agatres page 14: 99 productos
  agatres page 15: 99 productos
  agatres page 16: 99 productos
  agatres page 17: 99 productos
  agatres page 18: 99 productos
  agatres page 19: 99 productos
  agatres page 20: 99 productos
  agatres page 21: 99 productos
  agatres page 22: 99 productos
  agatres page 23: 99 productos
  agatres page 24: 99 productos
  agatres page 25: 99 productos
  agatres page 26: 99 productos
  agatres page 27: 99 productos
  agatres page 28: 99 productos
  agatres page 29: 99 productos
  agatres page 30: 99 productos
  agatres page 31: 99 productos
  agatres page 32: 99 productos
  agatres page 33: 99 productos
  agatres page 34: 99 productos
  agatres page 35: 99 productos
  agatres page 36: 99 productos
  agatres page 37: 99 productos
  agatres page 38: 99 productos
  agatres page 39: 99 productos
  agatres page 40: 99 productos
  agatres page 41: 99 productos
  agatres page 42: 99 productos
  agatres page 43: 99 productos
  agatres page 44: 99 productos
  agatres page 45: 99 productos
  agatres page 46: 99 productos
  agatres page 47: 99 productos
  agatres page 48: 99 productos
  agatres page 49: 99 productos
  agatres page 50: 99 productos
  agatres page 51: 99 productos
  agatres page 52: 99 productos
  agatres page 53: 99 productos
  agatres page 54: 99 productos
  agatres page 55: 99 productos
  agatres page 56: 99 productos
  agatres page 57: 99 productos
  agatres page 58: 99 productos
  agatres page 59: 99 productos
  agatres page 60: 99 productos
  agatres page 61: 99 productos
  agatres page 62: 99 productos
  agatres page 63: 47 productos
  agatres page 1: 99 productos
  agatres page 2: 99 productos
  agatres page 3: 99 productos
  agatres page 4: 99 productos
  agatres page 5: 99 productos
  agatres page 6: 99 productos
  agatres page 7: 99 productos
  agatres page 8: 99 productos
  agatres page 9: 99 productos
  agatres page 10: 99 productos
  agatres page 11: 99 productos
  agatres page 12: 99 productos
  agatres page 13: 99 productos
  agatres page 14: 99 productos
  agatres page 15: 99 productos
  agatres page 16: 99 productos
  agatres page 17: 99 productos
  agatres page 18: 99 productos
  agatres page 19: 99 productos
  agatres page 20: 99 productos
  agatres page 21: 99 productos
  agatres page 22: 99 productos
  agatres page 23: 99 productos
  agatres page 24: 99 productos
  agatres page 25: 99 productos
  agatres page 26: 99 productos
  agatres page 27: 99 productos
  agatres page 28: 99 productos
  agatres page 29: 99 productos
  agatres page 30: 99 productos
  agatres page 31: 99 productos
  agatres page 32: 99 productos
  agatres page 33: 99 productos
  agatres page 34: 99 productos
  agatres page 35: 99 productos
  agatres page 36: 99 productos
  agatres page 37: 99 productos
  agatres page 38: 99 productos
  agatres page 39: 99 productos
  agatres page 40: 99 productos
  agatres page 41: 99 productos
  agatres page 42: 99 productos
  agatres page 43: 99 productos
  agatres page 44: 99 productos
  agatres page 45: 99 productos
  agatres page 46: 99 productos
  agatres page 47: 99 productos
  agatres page 48: 99 productos
  agatres page 49: 99 productos
  agatres page 50: 99 productos
  agatres page 51: 99 productos
  agatres page 52: 99 productos
  agatres page 53: 99 productos
  agatres page 54: 99 productos
  agatres page 55: 99 productos
  agatres page 56: 99 productos
  agatres page 57: 99 productos
  agatres page 58: 99 productos
  agatres page 59: 99 productos
  agatres page 60: 99 productos
  agatres page 61: 99 productos
  agatres page 62: 99 productos
  agatres page 63: 47 productos
  agatres page 1: 99 productos
  agatres page 2: 99 productos
  agatres page 3: 99 productos
  agatres page 4: 99 productos
  agatres page 5: 99 productos
  agatres page 6: 99 productos
  agatres page 7: 99 productos
  agatres page 8: 99 productos
  agatres page 9: 99 productos
  agatres page 10: 99 productos
  agatres page 11: 99 productos
  agatres page 12: 99 productos
  agatres page 13: 99 productos
  agatres page 14: 99 productos
  agatres page 15: 99 productos
  agatres page 16: 99 productos
  agatres page 17: 99 productos
  agatres page 18: 99 productos
  agatres page 19: 99 productos
  agatres page 20: 99 productos
  agatres page 21: 99 productos
  agatres page 22: 99 productos
  agatres page 23: 99 productos
  agatres page 24: 99 productos
  agatres page 25: 99 productos
  agatres page 26: 99 productos
  agatres page 27: 99 productos
  agatres page 28: 99 productos
  agatres page 29: 99 productos
  agatres page 30: 99 productos
  agatres page 31: 99 productos
  agatres page 32: 99 productos
  agatres page 33: 99 productos
  agatres page 34: 99 productos
  agatres page 35: 99 productos
  agatres page 36: 99 productos
  agatres page 37: 99 productos
  agatres page 38: 99 productos
  agatres page 39: 99 productos
  agatres page 40: 99 productos
  agatres page 41: 99 productos
  agatres page 42: 99 productos
  agatres page 43: 99 productos
  agatres page 44: 99 productos
  agatres page 45: 99 productos
  agatres page 46: 99 productos
  agatres page 47: 99 productos
  agatres page 48: 99 productos
  agatres page 49: 99 productos
  agatres page 50: 99 productos
  agatres page 51: 99 productos
  agatres page 52: 99 productos
  agatres page 53: 99 productos
  agatres page 54: 99 productos
  agatres page 55: 99 productos
  agatres page 56: 99 productos
  agatres page 57: 99 productos
  agatres page 58: 99 productos
  agatres page 59: 99 productos
  agatres page 60: 99 productos
  agatres page 61: 99 productos
  agatres page 62: 99 productos
  agatres page 63: 47 productos
  agatres page 1: 99 productos
  agatres page 2: 99 productos
  agatres page 3: 99 productos
  agatres page 4: 99 productos
  agatres page 5: 99 productos
  agatres page 6: 99 productos
  agatres page 7: 99 productos
  agatres page 8: 99 productos
  agatres page 9: 99 productos
  agatres page 10: 99 productos
  agatres page 11: 99 productos
  agatres page 12: 99 productos
  agatres page 13: 99 productos
  agatres page 14: 99 productos
  agatres page 15: 99 productos
  agatres page 16: 99 productos
  agatres page 17: 99 productos
  agatres page 18: 99 productos
  agatres page 19: 99 productos
  agatres page 20: 99 productos
  agatres page 21: 99 productos
  agatres page 22: 99 productos
  agatres page 23: 99 productos
  agatres page 24: 99 productos
  agatres page 25: 99 productos
  agatres page 26: 99 productos
  agatres page 27: 99 productos
  agatres page 28: 99 productos
  agatres page 29: 99 productos
  agatres page 30: 99 productos
  agatres page 31: 99 productos
  agatres page 32: 99 productos
  agatres page 33: 99 productos
  agatres page 34: 99 productos
  agatres page 35: 99 productos
  agatres page 36: 99 productos
  agatres page 37: 99 productos
  agatres page 38: 99 productos
  agatres page 39: 99 productos
  agatres page 40: 99 productos
  agatres page 41: 99 productos
  agatres page 42: 99 productos
  agatres page 43: 99 productos
  agatres page 44: 99 productos
  agatres page 45: 99 productos
  agatres page 46: 99 productos
  agatres page 47: 99 productos
  agatres page 48: 99 productos
  agatres page 49: 99 productos
  agatres page 50: 99 productos
  agatres page 51: 99 productos
  agatres page 52: 99 productos
  agatres page 53: 99 productos
  agatres page 54: 99 productos
  agatres page 55: 99 productos
  agatres page 56: 99 productos
  agatres page 57: 99 productos
  agatres page 58: 99 productos
  agatres page 59: 99 productos
  agatres page 60: 99 productos
  agatres page 61: 99 productos
  agatres page 62: 99 productos
  agatres page 63: 47 productos
  agatres page 1: 99 productos
  agatres page 2: 99 productos
  agatres page 3: 99 productos
  agatres page 4: 99 productos
  agatres page 5: 99 productos
  agatres page 6: 99 productos
  agatres page 7: 99 productos
  agatres page 8: 99 productos
  agatres page 9: 99 productos
  agatres page 10: 99 productos
  agatres page 11: 99 productos
  agatres page 12: 99 productos
  agatres page 13: 99 productos
  agatres page 14: 99 productos
  agatres page 15: 99 productos
  agatres page 16: 99 productos
  agatres page 17: 99 productos
  agatres page 18: 99 productos
  agatres page 19: 99 productos
  agatres page 20: 99 productos
  agatres page 21: 99 productos
  agatres page 22: 99 productos
  agatres page 23: 99 productos
  agatres page 24: 99 productos
  agatres page 25: 99 productos
  agatres page 26: 99 productos
  agatres page 27: 99 productos
  agatres page 28: 99 productos
  agatres page 29: 99 productos
  agatres page 30: 99 productos
  agatres page 31: 99 productos
  agatres page 32: 99 productos
  agatres page 33: 99 productos
  agatres page 34: 99 productos
  agatres page 35: 99 productos
  agatres page 36: 99 productos
  agatres page 37: 99 productos
  agatres page 38: 99 productos
  agatres page 39: 99 productos
  agatres page 40: 99 productos
  agatres page 41: 99 productos
  agatres page 42: 99 productos
  agatres page 43: 99 productos
  agatres page 44: 99 productos
  agatres page 45: 99 productos
  agatres page 46: 99 productos
  agatres page 47: 99 productos
  agatres page 48: 99 productos
  agatres page 49: 99 productos
  agatres page 50: 99 productos
  agatres page 51: 99 productos
  agatres page 52: 99 productos
  agatres page 53: 99 productos
  agatres page 54: 99 productos
  agatres page 55: 99 productos
  agatres page 56: 99 productos
  agatres page 57: 99 productos
  agatres page 58: 99 productos
  agatres page 59: 99 productos
  agatres page 60: 99 productos
  agatres page 61: 99 productos
  agatres page 62: 99 productos
  agatres page 63: 47 productos
  agatres page 1: 99 productos
  agatres page 2: 99 productos
  agatres page 3: 99 productos
  agatres page 4: 99 productos
  agatres page 5: 99 productos
  agatres page 6: 99 productos
  agatres page 7: 99 productos
  agatres page 8: 99 productos
  agatres page 9: 99 productos
  agatres page 10: 99 productos
  agatres page 11: 99 productos
  agatres page 12: 99 productos
  agatres page 13: 99 productos
  agatres page 14: 99 productos
  agatres page 15: 99 productos
  agatres page 16: 99 productos
  agatres page 17: 99 productos
  agatres page 18: 99 productos
  agatres page 19: 99 productos
  agatres page 20: 99 productos
  agatres page 21: 99 productos
  agatres page 22: 99 productos
  agatres page 23: 99 productos
  agatres page 24: 99 productos
  agatres page 25: 99 productos
  agatres page 26: 99 productos
  agatres page 27: 99 productos
  agatres page 28: 99 productos
  agatres page 29: 99 productos
  agatres page 30: 99 productos
  agatres page 31: 99 productos
  agatres page 32: 99 productos
  agatres page 33: 99 productos
  agatres page 34: 99 productos
  agatres page 35: 99 productos
  agatres page 36: 99 productos
  agatres page 37: 99 productos
  agatres page 38: 99 productos
  agatres page 39: 99 productos
  agatres page 40: 99 productos
  agatres page 41: 99 productos
  agatres page 42: 99 productos
  agatres page 43: 99 productos
  agatres page 44: 99 productos
  agatres page 45: 99 productos
  agatres page 46: 99 productos
  agatres page 47: 99 productos
  agatres page 48: 99 productos
  agatres page 49: 99 productos
  agatres page 50: 99 productos
  agatres page 51: 99 productos
  agatres page 52: 99 productos
  agatres page 53: 99 productos
  agatres page 54: 99 productos
  agatres page 55: 99 productos
  agatres page 56: 99 productos
  agatres page 57: 99 productos
  agatres page 58: 99 productos
  agatres page 59: 99 productos
  agatres page 60: 99 productos
  agatres page 61: 99 productos
  agatres page 62: 99 productos
  agatres page 63: 47 productos
  agatres page 1: 99 productos
  agatres page 2: 99 productos
  agatres page 3: 99 productos
  agatres page 4: 99 productos
  agatres page 5: 99 productos
  agatres page 6: 99 productos
  agatres page 7: 99 productos
  agatres page 8: 99 productos
  agatres page 9: 99 productos
  agatres page 10: 99 productos
  agatres page 11: 99 productos
  agatres page 12: 99 productos
  agatres page 13: 99 productos
  agatres page 14: 99 productos
  agatres page 15: 99 productos
  agatres page 16: 99 productos
  agatres page 17: 99 productos
  agatres page 18: 99 productos
  agatres page 19: 99 productos
  agatres page 20: 99 productos
  agatres page 21: 99 productos
  agatres page 22: 99 productos
  agatres page 23: 99 productos
  agatres page 24: 99 productos
  agatres page 25: 99 productos
  agatres page 26: 99 productos
  agatres page 27: 99 productos
  agatres page 28: 99 productos
  agatres page 29: 99 productos
  agatres page 30: 99 productos
  agatres page 31: 99 productos
  agatres page 32: 99 productos
  agatres page 33: 99 productos
  agatres page 34: 99 productos
  agatres page 35: 99 productos
  agatres page 36: 99 productos
  agatres page 37: 99 productos
  agatres page 38: 99 productos
  agatres page 39: 99 productos
  agatres page 40: 99 productos
  agatres page 41: 99 productos
  agatres page 42: 99 productos
  agatres page 43: 99 productos
  agatres page 44: 99 productos
  agatres page 45: 99 productos
  agatres page 46: 99 productos
  agatres page 47: 99 productos
  agatres page 48: 99 productos
  agatres page 49: 99 productos
  agatres page 50: 99 productos
  agatres page 51: 99 productos
  agatres page 52: 99 productos
  agatres page 53: 99 productos
  agatres page 54: 99 productos
  agatres page 55: 99 productos
  agatres page 56: 99 productos
  agatres page 57: 99 productos
  agatres page 58: 99 productos
  agatres page 59: 99 productos
  agatres page 60: 99 productos
  agatres page 61: 99 productos
  agatres page 62: 99 productos
  agatres page 63: 47 productos
  agatres page 1: 99 productos
  agatres page 2: 99 productos
  agatres page 3: 99 productos
  agatres page 4: 99 productos
  agatres page 5: 99 productos
  agatres page 6: 99 productos
  agatres page 7: 99 productos
  agatres page 8: 99 productos
  agatres page 9: 99 productos
  agatres page 10: 99 productos
  agatres page 11: 99 productos
  agatres page 12: 99 productos
  agatres page 13: 99 productos
  agatres page 14: 99 productos
  agatres page 15: 99 productos
  agatres page 16: 99 productos
  agatres page 17: 99 productos
  agatres page 18: 99 productos
  agatres page 19: 99 productos
  agatres page 20: 99 productos
  agatres page 21: 99 productos
  agatres page 22: 99 productos
  agatres page 23: 99 productos
  agatres page 24: 99 productos
  agatres page 25: 99 productos
  agatres page 26: 99 productos
  agatres page 27: 99 productos
  agatres page 28: 99 productos
  agatres page 29: 99 productos
  agatres page 30: 99 productos
  agatres page 31: 99 productos
  agatres page 32: 99 productos
  agatres page 33: 99 productos
  agatres page 34: 99 productos
  agatres page 35: 99 productos
  agatres page 36: 99 productos
  agatres page 37: 99 productos
  agatres page 38: 99 productos
  agatres page 39: 99 productos
  agatres page 40: 99 productos
  agatres page 41: 99 productos
  agatres page 42: 99 productos
  agatres page 43: 99 productos
  agatres page 44: 99 productos
  agatres page 45: 99 productos
  agatres page 46: 99 productos
  agatres page 47: 99 productos
  agatres page 48: 99 productos
  agatres page 49: 99 productos
  agatres page 50: 99 productos
  agatres page 51: 99 productos
  agatres page 52: 99 productos
  agatres page 53: 99 productos
  agatres page 54: 99 productos
  agatres page 55: 99 productos
  agatres page 56: 99 productos
  agatres page 57: 99 productos
  agatres page 58: 99 productos
  agatres page 59: 99 productos
  agatres page 60: 99 productos
  agatres page 61: 99 productos
  agatres page 62: 99 productos
  agatres page 63: 47 productos
  agatres page 1: 99 productos
  agatres page 2: 99 productos
  agatres page 3: 99 productos
  agatres page 4: 99 productos
  agatres page 5: 99 productos
  agatres page 6: 99 productos
  agatres page 7: 99 productos
  agatres page 8: 99 productos
  agatres page 9: 99 productos
  agatres page 10: 99 productos
  agatres page 11: 99 productos
  agatres page 12: 99 productos
  agatres page 13: 99 productos
  agatres page 14: 99 productos
  agatres page 15: 99 productos
  agatres page 16: 99 productos
  agatres page 17: 99 productos
  agatres page 18: 99 productos
  agatres page 19: 99 productos
  agatres page 20: 99 productos
  agatres page 21: 99 productos
  agatres page 22: 99 productos
  agatres page 23: 99 productos
  agatres page 24: 99 productos
  agatres page 25: 99 productos
  agatres page 26: 99 productos
  agatres page 27: 99 productos
  agatres page 28: 99 productos
  agatres page 29: 99 productos
  agatres page 30: 99 productos
  agatres page 31: 99 productos
  agatres page 32: 99 productos
  agatres page 33: 99 productos
  agatres page 34: 99 productos
  agatres page 35: 99 productos
  agatres page 36: 99 productos
  agatres page 37: 99 productos
  agatres page 38: 99 productos
  agatres page 39: 99 productos
  agatres page 40: 99 productos
  agatres page 41: 99 productos
  agatres page 42: 99 productos
  agatres page 43: 99 productos
  agatres page 44: 99 productos
  agatres page 45: 99 productos
  agatres page 46: 99 productos
  agatres page 47: 99 productos
  agatres page 48: 99 productos
  agatres page 49: 99 productos
  agatres page 50: 99 productos
  agatres page 51: 99 productos
  agatres page 52: 99 productos
  agatres page 53: 99 productos
  agatres page 54: 99 productos
  agatres page 55: 99 productos
  agatres page 56: 99 productos
  agatres page 57: 99 productos
  agatres page 58: 99 productos
  agatres page 59: 99 productos
  agatres page 60: 99 productos
  agatres page 61: 99 productos
  agatres page 62: 99 productos
  agatres page 63: 47 productos
  agatres page 1: 99 productos
  agatres page 2: 99 productos
  agatres page 3: 99 productos
  agatres page 4: 99 productos
  agatres page 5: 99 productos
  agatres page 6: 99 productos
  agatres page 7: 99 productos
  agatres page 8: 99 productos
  agatres page 9: 99 productos
  agatres page 10: 99 productos
  agatres page 11: 99 productos
  agatres page 12: 99 productos
  agatres page 13: 99 productos
  agatres page 14: 99 productos
  agatres page 15: 99 productos
  agatres page 16: 99 productos
  agatres page 17: 99 productos
  agatres page 18: 99 productos
  agatres page 19: 99 productos
  agatres page 20: 99 productos
  agatres page 21: 99 productos
  agatres page 22: 99 productos
  agatres page 23: 99 productos
  agatres page 24: 99 productos
  agatres page 25: 99 productos
  agatres page 26: 99 productos
  agatres page 27: 99 productos
  agatres page 28: 99 productos
  agatres page 29: 99 productos
  agatres page 30: 99 productos
  agatres page 31: 99 productos
  agatres page 32: 99 productos
  agatres page 33: 99 productos
  agatres page 34: 99 productos
  agatres page 35: 99 productos
  agatres page 36: 99 productos
  agatres page 37: 99 productos
  agatres page 38: 99 productos
  agatres page 39: 99 productos
  agatres page 40: 99 productos
  agatres page 41: 99 productos
  agatres page 42: 99 productos
  agatres page 43: 99 productos
  agatres page 44: 99 productos
  agatres page 45: 99 productos
  agatres page 46: 99 productos
  agatres page 47: 99 productos
  agatres page 48: 99 productos
  agatres page 49: 99 productos
  agatres page 50: 99 productos
  agatres page 51: 99 productos
  agatres page 52: 99 productos
  agatres page 53: 99 productos
  agatres page 54: 99 productos
  agatres page 55: 99 productos
  agatres page 56: 99 productos
  agatres page 57: 99 productos
  agatres page 58: 99 productos
  agatres page 59: 99 productos
  agatres page 60: 99 productos
  agatres page 61: 99 productos
  agatres page 62: 99 productos
  agatres page 63: 47 productos
  agatres page 1: 99 productos
  agatres page 2: 99 productos
  agatres page 3: 99 productos
  agatres page 4: 99 productos
  agatres page 5: 99 productos
  agatres page 6: 99 productos
  agatres page 7: 99 productos
  agatres page 8: 99 productos
  agatres page 9: 99 productos
  agatres page 10: 99 productos
  agatres page 11: 99 productos
  agatres page 12: 99 productos
  agatres page 13: 99 productos
  agatres page 14: 99 productos
  agatres page 15: 99 productos
  agatres page 16: 99 productos
  agatres page 17: 99 productos
  agatres page 18: 99 productos
  agatres page 19: 99 productos
  agatres page 20: 99 productos
  agatres page 21: 99 productos
  agatres page 22: 99 productos
  agatres page 23: 99 productos
  agatres page 24: 99 productos
  agatres page 25: 99 productos
  agatres page 26: 99 productos
  agatres page 27: 99 productos
  agatres page 28: 99 productos
  agatres page 29: 99 productos
  agatres page 30: 99 productos
  agatres page 31: 99 productos
  agatres page 32: 99 productos
  agatres page 33: 99 productos
  agatres page 34: 99 productos
  agatres page 35: 99 productos
  agatres page 36: 99 productos
  agatres page 37: 99 productos
  agatres page 38: 99 productos
  agatres page 39: 99 productos
  agatres page 40: 99 productos
  agatres page 41: 99 productos
  agatres page 42: 99 productos
  agatres page 43: 99 productos
  agatres page 44: 99 productos
  agatres page 45: 99 productos
  agatres page 46: 99 productos
  agatres page 47: 99 productos
  agatres page 48: 99 productos
  agatres page 49: 99 productos
  agatres page 50: 99 productos
  agatres page 51: 99 productos
  agatres page 52: 99 productos
  agatres page 53: 99 productos
  agatres page 54: 99 productos
  agatres page 55: 99 productos
  agatres page 56: 99 productos
  agatres page 57: 99 productos
  agatres page 58: 99 productos
  agatres page 59: 99 productos
  agatres page 60: 99 productos
  agatres page 61: 99 productos
  agatres page 62: 99 productos
  agatres page 63: 47 productos
  agatres page 1: 99 productos
  agatres page 2: 99 productos
  agatres page 3: 99 productos
  agatres page 4: 99 productos
  agatres page 5: 99 productos
  agatres page 6: 99 productos
  agatres page 7: 99 productos
  agatres page 8: 99 productos
  agatres page 9: 99 productos
  agatres page 10: 99 productos
  agatres page 11: 99 productos
  agatres page 12: 99 productos
  agatres page 13: 99 productos
  agatres page 14: 99 productos
  agatres page 15: 99 productos
  agatres page 16: 99 productos
  agatres page 17: 99 productos
  agatres page 18: 99 productos
  agatres page 19: 99 productos
  agatres page 20: 99 productos
  agatres page 21: 99 productos
  agatres page 22: 99 productos
  agatres page 23: 99 productos
  agatres page 24: 99 productos
  agatres page 25: 99 productos
  agatres page 26: 99 productos
  agatres page 27: 99 productos
  agatres page 28: 99 productos
  agatres page 29: 99 productos
  agatres page 30: 99 productos
  agatres page 31: 99 productos
  agatres page 32: 99 productos
  agatres page 33: 99 productos
  agatres page 34: 99 productos
  agatres page 35: 99 productos
  agatres page 36: 99 productos
  agatres page 37: 99 productos
  agatres page 38: 99 productos
  agatres page 39: 99 productos
  agatres page 40: 99 productos
  agatres page 41: 99 productos
  agatres page 42: 99 productos
  agatres page 43: 99 productos
  agatres page 44: 99 productos
  agatres page 45: 99 productos
  agatres page 46: 99 productos
  agatres page 47: 99 productos
  agatres page 48: 99 productos
  agatres page 49: 99 productos
  agatres page 50: 99 productos
  agatres page 51: 99 productos
  agatres page 52: 99 productos
  agatres page 53: 99 productos
  agatres page 54: 99 productos
  agatres page 55: 99 productos
  agatres page 56: 99 productos
  agatres page 57: 99 productos
  agatres page 58: 99 productos
  agatres page 59: 99 productos
  agatres page 60: 99 productos
  agatres page 61: 99 productos
  agatres page 62: 99 productos
  agatres page 63: 47 productos
  agatres page 1: 99 productos
  agatres page 2: 99 productos
  agatres page 3: 99 productos
  agatres page 4: 99 productos
  agatres page 5: 99 productos
  agatres page 6: 99 productos
  agatres page 7: 99 productos
  agatres page 8: 99 productos
  agatres page 9: 99 productos
  agatres page 10: 99 productos
  agatres page 11: 99 productos
  agatres page 12: 99 productos
  agatres page 13: 99 productos
  agatres page 14: 99 productos
  agatres page 15: 99 productos
  agatres page 16: 99 productos
  agatres page 17: 99 productos
  agatres page 18: 99 productos
  agatres page 19: 99 productos
  agatres page 20: 99 productos
  agatres page 21: 99 productos
  agatres page 22: 99 productos
  agatres page 23: 99 productos
  agatres page 24: 99 productos
  agatres page 25: 99 productos
  agatres page 26: 99 productos
  agatres page 27: 99 productos
  agatres page 28: 99 productos
  agatres page 29: 99 productos
  agatres page 30: 99 productos
  agatres page 31: 99 productos
  agatres page 32: 99 productos
  agatres page 33: 99 productos
  agatres page 34: 99 productos
  agatres page 35: 99 productos
  agatres page 36: 99 productos
  agatres page 37: 99 productos
  agatres page 38: 99 productos
  agatres page 39: 99 productos
  agatres page 40: 99 productos
  agatres page 41: 99 productos
  agatres page 42: 99 productos
  agatres page 43: 99 productos
  agatres page 44: 99 productos
  agatres page 45: 99 productos
  agatres page 46: 99 productos
  agatres page 47: 99 productos
  agatres page 48: 99 productos
  agatres page 49: 99 productos
  agatres page 50: 99 productos
  agatres page 51: 99 productos
  agatres page 52: 99 productos
  agatres page 53: 99 productos
  agatres page 54: 99 productos
  agatres page 55: 99 productos
  agatres page 56: 99 productos
  agatres page 57: 99 productos
  agatres page 58: 99 productos
  agatres page 59: 99 productos
  agatres page 60: 99 productos
  agatres page 61: 99 productos
  agatres page 62: 99 productos
  agatres page 63: 47 productos
  agatres page 1: 99 productos
  agatres page 2: 99 productos
  agatres page 3: 99 productos
  agatres page 4: 99 productos
  agatres page 5: 99 productos
  agatres page 6: 99 productos
  agatres page 7: 99 productos
  agatres page 8: 99 productos
  agatres page 9: 99 productos
  agatres page 10: 99 productos
  agatres page 11: 99 productos
  agatres page 12: 99 productos
  agatres page 13: 99 productos
  agatres page 14: 99 productos
  agatres page 15: 99 productos
  agatres page 16: 99 productos
  agatres page 17: 99 productos
  agatres page 18: 99 productos
  agatres page 19: 99 productos
  agatres page 20: 99 productos
  agatres page 21: 99 productos
  agatres page 22: 99 productos
  agatres page 23: 99 productos
  agatres page 24: 99 productos
  agatres page 25: 99 productos
  agatres page 26: 99 productos
  agatres page 27: 99 productos
  agatres page 28: 99 productos
  agatres page 29: 99 productos
  agatres page 30: 99 productos
  agatres page 31: 99 productos
  agatres page 32: 99 productos
  agatres page 33: 99 productos
  agatres page 34: 99 productos
  agatres page 35: 99 productos
  agatres page 36: 99 productos
  agatres page 37: 99 productos
  agatres page 38: 99 productos
  agatres page 39: 99 productos
  agatres page 40: 99 productos
  agatres page 41: 99 productos
  agatres page 42: 99 productos
  agatres page 43: 99 productos
  agatres page 44: 99 productos
  agatres page 45: 99 productos
  agatres page 46: 99 productos
  agatres page 47: 99 productos
  agatres page 48: 99 productos
  agatres page 49: 99 productos
  agatres page 50: 99 productos
  agatres page 51: 99 productos
  agatres page 52: 99 productos
  agatres page 53: 99 productos
  agatres page 54: 99 productos
  agatres page 55: 99 productos
  agatres page 56: 99 productos
  agatres page 57: 99 productos
  agatres page 58: 99 productos
  agatres page 59: 99 productos
  agatres page 60: 99 productos
  agatres page 61: 99 productos
  agatres page 62: 99 productos
  agatres page 63: 47 productos
  agatres page 1: 99 productos
  agatres page 2: 99 productos
  agatres page 3: 99 productos
  agatres page 4: 99 productos
  agatres page 5: 99 productos
  agatres page 6: 99 productos
  agatres page 7: 99 productos
  agatres page 8: 99 productos
  agatres page 9: 99 productos
  agatres page 10: 99 productos
  agatres page 11: 99 productos
  agatres page 12: 99 productos
  agatres page 13: 99 productos
  agatres page 14: 99 productos
  agatres page 15: 99 productos
  agatres page 16: 99 productos
  agatres page 17: 99 productos
  agatres page 18: 99 productos
  agatres page 19: 99 productos
  agatres page 20: 99 productos
  agatres page 21: 99 productos
  agatres page 22: 99 productos
  agatres page 23: 99 productos
  agatres page 24: 99 productos
  agatres page 25: 99 productos
  agatres page 26: 99 productos
  agatres page 27: 99 productos
  agatres page 28: 99 productos
  agatres page 29: 99 productos
  agatres page 30: 99 productos
  agatres page 31: 99 productos
  agatres page 32: 99 productos
  agatres page 33: 99 productos
  agatres page 34: 99 productos
  agatres page 35: 99 productos
  agatres page 36: 99 productos
  agatres page 37: 99 productos
  agatres page 38: 99 productos
  agatres page 39: 99 productos
  agatres page 40: 99 productos
  agatres page 41: 99 productos
  agatres page 42: 99 productos
  agatres page 43: 99 productos
  agatres page 44: 99 productos
  agatres page 45: 99 productos
  agatres page 46: 99 productos
  agatres page 47: 99 productos
  agatres page 48: 99 productos
  agatres page 49: 99 productos
  agatres page 50: 99 productos
  agatres page 51: 99 productos
  agatres page 52: 99 productos
  agatres page 53: 99 productos
  agatres page 54: 99 productos
  agatres page 55: 99 productos
  agatres page 56: 99 productos
  agatres page 57: 99 productos
  agatres page 58: 99 productos
  agatres page 59: 99 productos
  agatres page 60: 99 productos
  agatres page 61: 99 productos
  agatres page 62: 99 productos
  agatres page 63: 47 productos
  agatres page 1: 99 productos
  agatres page 2: 99 productos
  agatres page 3: 99 productos
  agatres page 4: 99 productos
  agatres page 5: 99 productos
  agatres page 6: 99 productos
  agatres page 7: 99 productos
  agatres page 8: 99 productos
  agatres page 9: 99 productos
  agatres page 10: 99 productos
  agatres page 11: 99 productos
  agatres page 12: 99 productos
  agatres page 13: 99 productos
  agatres page 14: 99 productos
  agatres page 15: 99 productos
  agatres page 16: 99 productos
  agatres page 17: 99 productos
  agatres page 18: 99 productos
  agatres page 19: 99 productos
  agatres page 20: 99 productos
  agatres page 21: 99 productos
  agatres page 22: 99 productos
  agatres page 23: 99 productos
  agatres page 24: 99 productos
  agatres page 25: 99 productos
  agatres page 26: 99 productos
  agatres page 27: 99 productos
  agatres page 28: 99 productos
  agatres page 29: 99 productos
  agatres page 30: 99 productos
  agatres page 31: 99 productos
  agatres page 32: 99 productos
  agatres page 33: 99 productos
  agatres page 34: 99 productos
  agatres page 35: 99 productos
  agatres page 36: 99 productos
  agatres page 37: 99 productos
  agatres page 38: 99 productos
  agatres page 39: 99 productos
  agatres page 40: 99 productos
  agatres page 41: 99 productos
  agatres page 42: 99 productos
  agatres page 43: 99 productos
  agatres page 44: 99 productos
  agatres page 45: 99 productos
  agatres page 46: 99 productos
  agatres page 47: 99 productos
  agatres page 48: 99 productos
  agatres page 49: 99 productos
  agatres page 50: 99 productos
  agatres page 51: 99 productos
  agatres page 52: 99 productos
  agatres page 53: 99 productos
  agatres page 54: 99 productos
  agatres page 55: 99 productos
  agatres page 56: 99 productos
  agatres page 57: 99 productos
  agatres page 58: 99 productos
  agatres page 59: 99 productos
  agatres page 60: 99 productos
  agatres page 61: 99 productos
  agatres page 62: 99 productos
  agatres page 63: 47 productos
  agatres page 1: 99 productos
  agatres page 2: 99 productos
  agatres page 3: 99 productos
  agatres page 4: 99 productos
  agatres page 5: 99 productos
  agatres page 6: 99 productos
  agatres page 7: 99 productos
  agatres page 8: 99 productos
  agatres page 9: 99 productos
  agatres page 10: 99 productos
  agatres page 11: 99 productos
  agatres page 12: 99 productos
  agatres page 13: 99 productos
  agatres page 14: 99 productos
  agatres page 15: 99 productos
  agatres page 16: 99 productos
  agatres page 17: 99 productos
  agatres page 18: 99 productos
  agatres page 19: 99 productos
  agatres page 20: 99 productos
  agatres page 21: 99 productos
  agatres page 22: 99 productos
  agatres page 23: 99 productos
  agatres page 24: 99 productos
  agatres page 25: 99 productos
  agatres page 26: 99 productos
  agatres page 27: 99 productos
  agatres page 28: 99 productos
  agatres page 29: 99 productos
  agatres page 30: 99 productos
  agatres page 31: 99 productos
  agatres page 32: 99 productos
  agatres page 33: 99 productos
  agatres page 34: 99 productos
  agatres page 35: 99 productos
  agatres page 36: 99 productos
  agatres page 37: 99 productos
  agatres page 38: 99 productos
  agatres page 39: 99 productos
  agatres page 40: 99 productos
  agatres page 41: 99 productos
  agatres page 42: 99 productos
  agatres page 43: 99 productos
  agatres page 44: 99 productos
  agatres page 45: 99 productos
  agatres page 46: 99 productos
  agatres page 47: 99 productos
  agatres page 48: 99 productos
  agatres page 49: 99 productos
  agatres page 50: 99 productos
  agatres page 51: 99 productos
  agatres page 52: 99 productos
  agatres page 53: 99 productos
  agatres page 54: 99 productos
  agatres page 55: 99 productos
  agatres page 56: 99 productos
  agatres page 57: 99 productos
  agatres page 58: 99 productos
  agatres page 59: 99 productos
  agatres page 60: 99 productos
  agatres page 61: 99 productos
  agatres page 62: 99 productos
  agatres page 63: 47 productos
  agatres page 1: 99 productos
  agatres page 2: 99 productos
  agatres page 3: 99 productos
  agatres page 4: 99 productos
  agatres page 5: 99 productos
  agatres page 6: 99 productos
  agatres page 7: 99 productos
  agatres page 8: 99 productos
  agatres page 9: 99 productos
  agatres page 10: 99 productos
  agatres page 11: 99 productos
  agatres page 12: 99 productos
  agatres page 13: 99 productos
  agatres page 14: 99 productos
  agatres page 15: 99 productos
  agatres page 16: 99 productos
  agatres page 17: 99 productos
  agatres page 18: 99 productos
  agatres page 19: 99 productos
  agatres page 20: 99 productos
  agatres page 21: 99 productos
  agatres page 22: 99 productos
  agatres page 23: 99 productos
  agatres page 24: 99 productos
  agatres page 25: 99 productos
  agatres page 26: 99 productos
  agatres page 27: 99 productos
  agatres page 28: 99 productos
  agatres page 29: 99 productos
  agatres page 30: 99 productos
  agatres page 31: 99 productos
  agatres page 32: 99 productos
  agatres page 33: 99 productos
  agatres page 34: 99 productos
  agatres page 35: 99 productos
  agatres page 36: 99 productos
  agatres page 37: 99 productos
  agatres page 38: 99 productos
  agatres page 39: 99 productos
  agatres page 40: 99 productos
  agatres page 41: 99 productos
  agatres page 42: 99 productos
  agatres page 43: 99 productos
  agatres page 44: 99 productos
  agatres page 45: 99 productos
  agatres page 46: 99 productos
  agatres page 47: 99 productos
  agatres page 48: 99 productos
  agatres page 49: 99 productos
  agatres page 50: 99 productos
  agatres page 51: 99 productos
  agatres page 52: 99 productos
  agatres page 53: 99 productos
  agatres page 54: 99 productos
  agatres page 55: 99 productos
  agatres page 56: 99 productos
  agatres page 57: 99 productos
  agatres page 58: 99 productos
  agatres page 59: 99 productos
  agatres page 60: 99 productos
  agatres page 61: 99 productos
  agatres page 62: 99 productos
  agatres page 63: 47 productos
  agatres page 1: 99 productos
  agatres page 2: 99 productos
  agatres page 3: 99 productos
  agatres page 4: 99 productos
  agatres page 5: 99 productos
  agatres page 6: 99 productos
  agatres page 7: 99 productos
  agatres page 8: 99 productos
  agatres page 9: 99 productos
  agatres page 10: 99 productos
  agatres page 11: 99 productos
  agatres page 12: 99 productos
  agatres page 13: 99 productos
  agatres page 14: 99 productos
  agatres page 15: 99 productos
  agatres page 16: 99 productos
  agatres page 17: 99 productos
  agatres page 18: 99 productos
  agatres page 19: 99 productos
  agatres page 20: 99 productos
  agatres page 21: 99 productos
  agatres page 22: 99 productos
  agatres page 23: 99 productos
  agatres page 24: 99 productos
  agatres page 25: 99 productos
  agatres page 26: 99 productos
  agatres page 27: 99 productos
  agatres page 28: 99 productos
  agatres page 29: 99 productos
  agatres page 30: 99 productos
  agatres page 31: 99 productos
  agatres page 32: 99 productos
  agatres page 33: 99 productos
  agatres page 34: 99 productos
  agatres page 35: 99 productos
  agatres page 36: 99 productos
  agatres page 37: 99 productos
  agatres page 38: 99 productos
  agatres page 39: 99 productos
  agatres page 40: 99 productos
  agatres page 41: 99 productos
  agatres page 42: 99 productos
  agatres page 43: 99 productos
  agatres page 44: 99 productos
  agatres page 45: 99 productos
  agatres page 46: 99 productos
  agatres page 47: 99 productos
  agatres page 48: 99 productos
  agatres page 49: 99 productos
  agatres page 50: 99 productos
  agatres page 51: 99 productos
  agatres page 52: 99 productos
  agatres page 53: 99 productos
  agatres page 54: 99 productos
  agatres page 55: 99 productos
  agatres page 56: 99 productos
  agatres page 57: 99 productos
  agatres page 58: 99 productos
  agatres page 59: 99 productos
  agatres page 60: 99 productos
  agatres page 61: 99 productos
  agatres page 62: 99 productos
  agatres page 63: 47 productos
  agatres page 1: 99 productos
  agatres page 2: 99 productos
  agatres page 3: 99 productos
  agatres page 4: 99 productos
  agatres page 5: 99 productos
  agatres page 6: 99 productos
  agatres page 7: 99 productos
  agatres page 8: 99 productos
  agatres page 9: 99 productos
  agatres page 10: 99 productos
  agatres page 11: 99 productos
  agatres page 12: 99 productos
  agatres page 13: 99 productos
  agatres page 14: 99 productos
  agatres page 15: 99 productos
  agatres page 16: 99 productos
  agatres page 17: 99 productos
  agatres page 18: 99 productos
  agatres page 19: 99 productos
  agatres page 20: 99 productos
  agatres page 21: 99 productos
  agatres page 22: 99 productos
  agatres page 23: 99 productos
  agatres page 24: 99 productos
  agatres page 25: 99 productos
  agatres page 26: 99 productos
  agatres page 27: 99 productos
  agatres page 28: 99 productos
  agatres page 29: 99 productos
  agatres page 30: 99 productos
  agatres page 31: 99 productos
  agatres page 32: 99 productos
  agatres page 33: 99 productos
  agatres page 34: 99 productos
  agatres page 35: 99 productos
  agatres page 36: 99 productos
  agatres page 37: 99 productos
  agatres page 38: 99 productos
  agatres page 39: 99 productos
  agatres page 40: 99 productos
  agatres page 41: 99 productos
  agatres page 42: 99 productos
  agatres page 43: 99 productos
  agatres page 44: 99 productos
  agatres page 45: 99 productos
  agatres page 46: 99 productos
  agatres page 47: 99 productos
  agatres page 48: 99 productos
  agatres page 49: 99 productos
  agatres page 50: 99 productos
  agatres page 51: 99 productos
  agatres page 52: 99 productos
  agatres page 53: 99 productos
  agatres page 54: 99 productos
  agatres page 55: 99 productos
  agatres page 56: 99 productos
  agatres page 57: 99 productos
  agatres page 58: 99 productos
  agatres page 59: 99 productos
  agatres page 60: 99 productos
  agatres page 61: 99 productos
  agatres page 62: 99 productos
  agatres page 63: 47 productos
  agatres page 1: 99 productos
  agatres page 2: 99 productos
  agatres page 3: 99 productos
  agatres page 4: 99 productos
  agatres page 5: 99 productos
  agatres page 6: 99 productos
  agatres page 7: 99 productos
  agatres page 8: 99 productos
  agatres page 9: 99 productos
  agatres page 10: 99 productos
  agatres page 11: 99 productos
  agatres page 12: 99 productos
  agatres page 13: 99 productos
  agatres page 14: 99 productos
  agatres page 15: 99 productos
  agatres page 16: 99 productos
  agatres page 17: 99 productos
  agatres page 18: 99 productos
  agatres page 19: 99 productos
  agatres page 20: 99 productos
  agatres page 21: 99 productos
  agatres page 22: 99 productos
  agatres page 23: 99 productos
  agatres page 24: 99 productos
  agatres page 25: 99 productos
  agatres page 26: 99 productos
  agatres page 27: 99 productos
  agatres page 28: 99 productos
  agatres page 29: 99 productos
  agatres page 30: 99 productos
  agatres page 31: 99 productos
  agatres page 32: 99 productos
  agatres page 33: 99 productos
  agatres page 34: 99 productos
  agatres page 35: 99 productos
  agatres page 36: 99 productos
  agatres page 37: 99 productos
  agatres page 38: 99 productos
  agatres page 39: 99 productos
  agatres page 40: 99 productos
  agatres page 41: 99 productos
  agatres page 42: 99 productos
  agatres page 43: 99 productos
  agatres page 44: 99 productos
  agatres page 45: 99 productos
  agatres page 46: 99 productos
  agatres page 47: 99 productos
  agatres page 48: 99 productos
  agatres page 49: 99 productos
  agatres page 50: 99 productos
  agatres page 51: 99 productos
  agatres page 52: 99 productos
  agatres page 53: 99 productos
  agatres page 54: 99 productos
  agatres page 55: 99 productos
  agatres page 56: 99 productos
  agatres page 57: 99 productos
  agatres page 58: 99 productos
  agatres page 59: 99 productos
  agatres page 60: 99 productos
  agatres page 61: 99 productos
  agatres page 62: 99 productos
  agatres page 63: 47 productos
  agatres page 1: 99 productos
  agatres page 2: 99 productos
  agatres page 3: 99 productos
  agatres page 4: 99 productos
  agatres page 5: 99 productos
  agatres page 6: 99 productos
  agatres page 7: 99 productos
  agatres page 8: 99 productos
  agatres page 9: 99 productos
  agatres page 10: 99 productos
  agatres page 11: 99 productos
  agatres page 12: 99 productos
  agatres page 13: 99 productos
  agatres page 14: 99 productos
  agatres page 15: 99 productos
  agatres page 16: 99 productos
  agatres page 17: 99 productos
  agatres page 18: 99 productos
  agatres page 19: 99 productos
  agatres page 20: 99 productos
  agatres page 21: 99 productos
  agatres page 22: 99 productos
  agatres page 23: 99 productos
  agatres page 24: 99 productos
  agatres page 25: 99 productos
  agatres page 26: 99 productos
  agatres page 27: 99 productos
  agatres page 28: 99 productos
  agatres page 29: 99 productos
  agatres page 30: 99 productos
  agatres page 31: 99 productos
  agatres page 32: 99 productos
  agatres page 33: 99 productos
  agatres page 34: 99 productos
  agatres page 35: 99 productos
  agatres page 36: 99 productos
  agatres page 37: 99 productos
  agatres page 38: 99 productos
  agatres page 39: 99 productos
  agatres page 40: 99 productos
  agatres page 41: 99 productos
  agatres page 42: 99 productos
  agatres page 43: 99 productos
  agatres page 44: 99 productos
  agatres page 45: 99 productos
  agatres page 46: 99 productos
  agatres page 47: 99 productos
  agatres page 48: 99 productos
  agatres page 49: 99 productos
  agatres page 50: 99 productos
  agatres page 51: 99 productos
  agatres page 52: 99 productos
  agatres page 53: 99 productos
  agatres page 54: 99 productos
  agatres page 55: 99 productos
  agatres page 56: 99 productos
  agatres page 57: 99 productos
  agatres page 58: 99 productos
  agatres page 59: 99 productos
  agatres page 60: 99 productos
  agatres page 61: 99 productos
  agatres page 62: 99 productos
  agatres page 63: 47 productos
  agatres page 1: 99 productos
  agatres page 2: 99 productos
  agatres page 3: 99 productos
  agatres page 4: 99 productos
  agatres page 5: 99 productos
  agatres page 6: 99 productos
  agatres page 7: 99 productos
  agatres page 8: 99 productos
  agatres page 9: 99 productos
  agatres page 10: 99 productos
  agatres page 11: 99 productos
  agatres page 12: 99 productos
  agatres page 13: 99 productos
  agatres page 14: 99 productos
  agatres page 15: 99 productos
  agatres page 16: 99 productos
  agatres page 17: 99 productos
  agatres page 18: 99 productos
  agatres page 19: 99 productos
  agatres page 20: 99 productos
  agatres page 21: 99 productos
  agatres page 22: 99 productos
  agatres page 23: 99 productos
  agatres page 24: 99 productos
  agatres page 25: 99 productos
  agatres page 26: 99 productos
  agatres page 27: 99 productos
  agatres page 28: 99 productos
  agatres page 29: 99 productos
  agatres page 30: 99 productos
  agatres page 31: 99 productos
  agatres page 32: 99 productos
  agatres page 33: 99 productos
  agatres page 34: 99 productos
  agatres page 35: 99 productos
  agatres page 36: 99 productos
  agatres page 37: 99 productos
  agatres page 38: 99 productos
  agatres page 39: 99 productos
  agatres page 40: 99 productos
  agatres page 41: 99 productos
  agatres page 42: 99 productos
  agatres page 43: 99 productos
  agatres page 44: 99 productos
  agatres page 45: 99 productos
  agatres page 46: 99 productos
  agatres page 47: 99 productos
  agatres page 48: 99 productos
  agatres page 49: 99 productos
  agatres page 50: 99 productos
  agatres page 51: 99 productos
  agatres page 52: 99 productos
  agatres page 53: 99 productos
  agatres page 54: 99 productos
  agatres page 55: 99 productos
  agatres page 56: 99 productos
  agatres page 57: 99 productos
  agatres page 58: 99 productos
  agatres page 59: 99 productos
  agatres page 60: 99 productos
  agatres page 61: 99 productos
  agatres page 62: 99 productos
  agatres page 63: 47 productos
  agatres page 1: 99 productos
  agatres page 2: 99 productos
  agatres page 3: 99 productos
  agatres page 4: 99 productos
  agatres page 5: 99 productos
  agatres page 6: 99 productos
  agatres page 7: 99 productos
  agatres page 8: 99 productos
  agatres page 9: 99 productos
  agatres page 10: 99 productos
  agatres page 11: 99 productos
  agatres page 12: 99 productos
  agatres page 13: 99 productos
  agatres page 14: 99 productos
  agatres page 15: 99 productos
  agatres page 16: 99 productos
  agatres page 17: 99 productos
  agatres page 18: 99 productos
  agatres page 19: 99 productos
  agatres page 20: 99 productos
  agatres page 21: 99 productos
  agatres page 22: 99 productos
  agatres page 23: 99 productos
  agatres page 24: 99 productos
  agatres page 25: 99 productos
  agatres page 26: 99 productos
  agatres page 27: 99 productos
  agatres page 28: 99 productos
  agatres page 29: 99 productos
  agatres page 30: 99 productos
  agatres page 31: 99 productos
  agatres page 32: 99 productos
  agatres page 33: 99 productos
  agatres page 34: 99 productos
  agatres page 35: 99 productos
  agatres page 36: 99 productos
  agatres page 37: 99 productos
  agatres page 38: 99 productos
  agatres page 39: 99 productos
  agatres page 40: 99 productos
  agatres page 41: 99 productos
  agatres page 42: 99 productos
  agatres page 43: 99 productos
  agatres page 44: 99 productos
  agatres page 45: 99 productos
  agatres page 46: 99 productos
  agatres page 47: 99 productos
  agatres page 48: 99 productos
  agatres page 49: 99 productos
  agatres page 50: 99 productos
  agatres page 51: 99 productos
  agatres page 52: 99 productos
  agatres page 53: 99 productos
  agatres page 54: 99 productos
  agatres page 55: 99 productos
  agatres page 56: 99 productos
  agatres page 57: 99 productos
  agatres page 58: 99 productos
  agatres page 59: 99 productos
  agatres page 60: 99 productos
  agatres page 61: 99 productos
  agatres page 62: 99 productos
  agatres page 63: 47 productos
  agatres page 1: 99 productos
  agatres page 2: 99 productos
  agatres page 3: 99 productos
  agatres page 4: 99 productos
  agatres page 5: 99 productos
  agatres page 6: 99 productos
  agatres page 7: 99 productos
  agatres page 8: 99 productos
  agatres page 9: 99 productos
  agatres page 10: 99 productos
  agatres page 11: 99 productos
  agatres page 12: 99 productos
  agatres page 13: 99 productos
  agatres page 14: 99 productos
  agatres page 15: 99 productos
  agatres page 16: 99 productos
  agatres page 17: 99 productos
  agatres page 18: 99 productos
  agatres page 19: 99 productos
  agatres page 20: 99 productos
  agatres page 21: 99 productos
  agatres page 22: 99 productos
  agatres page 23: 99 productos
  agatres page 24: 99 productos
  agatres page 25: 99 productos
  agatres page 26: 99 productos
  agatres page 27: 99 productos
  agatres page 28: 99 productos
  agatres page 29: 99 productos
  agatres page 30: 99 productos
  agatres page 31: 99 productos
  agatres page 32: 99 productos
  agatres page 33: 99 productos
  agatres page 34: 99 productos
  agatres page 35: 99 productos
  agatres page 36: 99 productos
  agatres page 37: 99 productos
  agatres page 38: 99 productos
  agatres page 39: 99 productos
  agatres page 40: 99 productos
  agatres page 41: 99 productos
  agatres page 42: 99 productos
  agatres page 43: 99 productos
  agatres page 44: 99 productos
  agatres page 45: 99 productos
  agatres page 46: 99 productos
  agatres page 47: 99 productos
  agatres page 48: 99 productos
  agatres page 49: 99 productos
  agatres page 50: 99 productos
  agatres page 51: 99 productos
  agatres page 52: 99 productos
  agatres page 53: 99 productos
  agatres page 54: 99 productos
  agatres page 55: 99 productos
  agatres page 56: 99 productos
  agatres page 57: 99 productos
  agatres page 58: 99 productos
  agatres page 59: 99 productos
  agatres page 60: 99 productos
  agatres page 61: 99 productos
  agatres page 62: 99 productos
  agatres page 63: 47 productos
  agatres page 1: 99 productos
  agatres page 2: 99 productos
  agatres page 3: 99 productos
  agatres page 4: 99 productos
  agatres page 5: 99 productos
  agatres page 6: 99 productos
  agatres page 7: 99 productos
  agatres page 8: 99 productos
  agatres page 9: 99 productos
  agatres page 10: 99 productos
  agatres page 11: 99 productos
  agatres page 12: 99 productos
  agatres page 13: 99 productos
  agatres page 14: 99 productos
  agatres page 15: 99 productos
  agatres page 16: 99 productos
  agatres page 17: 99 productos
  agatres page 18: 99 productos
  agatres page 19: 99 productos
  agatres page 20: 99 productos
  agatres page 21: 99 productos
  agatres page 22: 99 productos
  agatres page 23: 99 productos
  agatres page 24: 99 productos
  agatres page 25: 99 productos
  agatres page 26: 99 productos
  agatres page 27: 99 productos
  agatres page 28: 99 productos
  agatres page 29: 99 productos
  agatres page 30: 99 productos
  agatres page 31: 99 productos
  agatres page 32: 99 productos
  agatres page 33: 99 productos
  agatres page 34: 99 productos
  agatres page 35: 99 productos
  agatres page 36: 99 productos
  agatres page 37: 99 productos
  agatres page 38: 99 productos
  agatres page 39: 99 productos
  agatres page 40: 99 productos
  agatres page 41: 99 productos
  agatres page 42: 99 productos
  agatres page 43: 99 productos
  agatres page 44: 99 productos
  agatres page 45: 99 productos
  agatres page 46: 99 productos
  agatres page 47: 99 productos
  agatres page 48: 99 productos
  agatres page 49: 99 productos
  agatres page 50: 99 productos
  agatres page 51: 99 productos
  agatres page 52: 99 productos
  agatres page 53: 99 productos
  agatres page 54: 99 productos
  agatres page 55: 99 productos
  agatres page 56: 99 productos
  agatres page 57: 99 productos
  agatres page 58: 99 productos
  agatres page 59: 99 productos
  agatres page 60: 99 productos
  agatres page 61: 99 productos
  agatres page 62: 99 productos
  agatres page 63: 47 productos
  agatres page 1: 99 productos
  agatres page 2: 99 productos
  agatres page 3: 99 productos
  agatres page 4: 99 productos
  agatres page 5: 99 productos
  agatres page 6: 99 productos
  agatres page 7: 99 productos
  agatres page 8: 99 productos
  agatres page 9: 99 productos
  agatres page 10: 99 productos
  agatres page 11: 99 productos
  agatres page 12: 99 productos
  agatres page 13: 99 productos
  agatres page 14: 99 productos
  agatres page 15: 99 productos
  agatres page 16: 99 productos
  agatres page 17: 99 productos
  agatres page 18: 99 productos
  agatres page 19: 99 productos
  agatres page 20: 99 productos
  agatres page 21: 99 productos
  agatres page 22: 99 productos
  agatres page 23: 99 productos
  agatres page 24: 99 productos
  agatres page 25: 99 productos
  agatres page 26: 99 productos
  agatres page 27: 99 productos
  agatres page 28: 99 productos
  agatres page 29: 99 productos
  agatres page 30: 99 productos
  agatres page 31: 99 productos
  agatres page 32: 99 productos
  agatres page 33: 99 productos
  agatres page 34: 99 productos
  agatres page 35: 99 productos
  agatres page 36: 99 productos
  agatres page 37: 99 productos
  agatres page 38: 99 productos
  agatres page 39: 99 productos
  agatres page 40: 99 productos
  agatres page 41: 99 productos
  agatres page 42: 99 productos
  agatres page 43: 99 productos
  agatres page 44: 99 productos
  agatres page 45: 99 productos
  agatres page 46: 99 productos
  agatres page 47: 99 productos
  agatres page 48: 99 productos
  agatres page 49: 99 productos
  agatres page 50: 99 productos
  agatres page 51: 99 productos
  agatres page 52: 99 productos
  agatres page 53: 99 productos
  agatres page 54: 99 productos
  agatres page 55: 99 productos
  agatres page 56: 99 productos
  agatres page 57: 99 productos
  agatres page 58: 99 productos
  agatres page 59: 99 productos
  agatres page 60: 99 productos
  agatres page 61: 99 productos
  agatres page 62: 99 productos
  agatres page 63: 47 productos
  agatres page 1: 99 productos
  agatres page 2: 99 productos
  agatres page 3: 99 productos
  agatres page 4: 99 productos
  agatres page 5: 99 productos
  agatres page 6: 99 productos
  agatres page 7: 99 productos
  agatres page 8: 99 productos
  agatres page 9: 99 productos
  agatres page 10: 99 productos
  agatres page 11: 99 productos
  agatres page 12: 99 productos
  agatres page 13: 99 productos
  agatres page 14: 99 productos
  agatres page 15: 99 productos
  agatres page 16: 99 productos
  agatres page 17: 99 productos
  agatres page 18: 99 productos
  agatres page 19: 99 productos
  agatres page 20: 99 productos
  agatres page 21: 99 productos
  agatres page 22: 99 productos
  agatres page 23: 99 productos
  agatres page 24: 99 productos
  agatres page 25: 99 productos
  agatres page 26: 99 productos
  agatres page 27: 99 productos
  agatres page 28: 99 productos
  agatres page 29: 99 productos
  agatres page 30: 99 productos
  agatres page 31: 99 productos
  agatres page 32: 99 productos
  agatres page 33: 99 productos
  agatres page 34: 99 productos
  agatres page 35: 99 productos
  agatres page 36: 99 productos
  agatres page 37: 99 productos
  agatres page 38: 99 productos
  agatres page 39: 99 productos
  agatres page 40: 99 productos
  agatres page 41: 99 productos
  agatres page 42: 99 productos
  agatres page 43: 99 productos
  agatres page 44: 99 productos
  agatres page 45: 99 productos
  agatres page 46: 99 productos
  agatres page 47: 99 productos
  agatres page 48: 99 productos
  agatres page 49: 99 productos
  agatres page 50: 99 productos
  agatres page 51: 99 productos
  agatres page 52: 99 productos
  agatres page 53: 99 productos
  agatres page 54: 99 productos
  agatres page 55: 99 productos
  agatres page 56: 99 productos
  agatres page 57: 99 productos
  agatres page 58: 99 productos
  agatres page 59: 99 productos
  agatres page 60: 99 productos
  agatres page 61: 99 productos
  agatres page 62: 99 productos
  agatres page 63: 47 productos
  agatres page 1: 99 productos
  agatres page 2: 99 productos
  agatres page 3: 99 productos
  agatres page 4: 99 productos
  agatres page 5: 99 productos
  agatres page 6: 99 productos
  agatres page 7: 99 productos
  agatres page 8: 99 productos
  agatres page 9: 99 productos
  agatres page 10: 99 productos
  agatres page 11: 99 productos
  agatres page 12: 99 productos
  agatres page 13: 99 productos
  agatres page 14: 99 productos
  agatres page 15: 99 productos
  agatres page 16: 99 productos
  agatres page 17: 99 productos
  agatres page 18: 99 productos
  agatres page 19: 99 productos
  agatres page 20: 99 productos
  agatres page 21: 99 productos
  agatres page 22: 99 productos
  agatres page 23: 99 productos
  agatres page 24: 99 productos
  agatres page 25: 99 productos
  agatres page 26: 99 productos
  agatres page 27: 99 productos
  agatres page 28: 99 productos
  agatres page 29: 99 productos
  agatres page 30: 99 productos
  agatres page 31: 99 productos
  agatres page 32: 99 productos
  agatres page 33: 99 productos
  agatres page 34: 99 productos
  agatres page 35: 99 productos
  agatres page 36: 99 productos
  agatres page 37: 99 productos
  agatres page 38: 99 productos
  agatres page 39: 99 productos
  agatres page 40: 99 productos
  agatres page 41: 99 productos
  agatres page 42: 99 productos
  agatres page 43: 99 productos
  agatres page 44: 99 productos
  agatres page 45: 99 productos
  agatres page 46: 99 productos
  agatres page 47: 99 productos
  agatres page 48: 99 productos
  agatres page 49: 99 productos
  agatres page 50: 99 productos
  agatres page 51: 99 productos
  agatres page 52: 99 productos
  agatres page 53: 99 productos
  agatres page 54: 99 productos
  agatres page 55: 99 productos
  agatres page 56: 99 productos
  agatres page 57: 99 productos
  agatres page 58: 99 productos
  agatres page 59: 99 productos
  agatres page 60: 99 productos
  agatres page 61: 99 productos
  agatres page 62: 99 productos
  agatres page 63: 47 productos
  agatres page 1: 99 productos
  agatres page 2: 99 productos
  agatres page 3: 99 productos
  agatres page 4: 99 productos
  agatres page 5: 99 productos
  agatres page 6: 99 productos
  agatres page 7: 99 productos
  agatres page 8: 99 productos
  agatres page 9: 99 productos
  agatres page 10: 99 productos
  agatres page 11: 99 productos
  agatres page 12: 99 productos
  agatres page 13: 99 productos
  agatres page 14: 99 productos
  agatres page 15: 99 productos
  agatres page 16: 99 productos
  agatres page 17: 99 productos
  agatres page 18: 99 productos
  agatres page 19: 99 productos
  agatres page 20: 99 productos
  agatres page 21: 99 productos
  agatres page 22: 99 productos
  agatres page 23: 99 productos
  agatres page 24: 99 productos
  agatres page 25: 99 productos
  agatres page 26: 99 productos
  agatres page 27: 99 productos
  agatres page 28: 99 productos
  agatres page 29: 99 productos
  agatres page 30: 99 productos
  agatres page 31: 99 productos
  agatres page 32: 99 productos
  agatres page 33: 99 productos
  agatres page 34: 99 productos
  agatres page 35: 99 productos
  agatres page 36: 99 productos
  agatres page 37: 99 productos
  agatres page 38: 99 productos
  agatres page 39: 99 productos
  agatres page 40: 99 productos
  agatres page 41: 99 productos
  agatres page 42: 99 productos
  agatres page 43: 99 productos
  agatres page 44: 99 productos
  agatres page 45: 99 productos
  agatres page 46: 99 productos
  agatres page 47: 99 productos
  agatres page 48: 99 productos
  agatres page 49: 99 productos
  agatres page 50: 99 productos
  agatres page 51: 99 productos
  agatres page 52: 99 productos
  agatres page 53: 99 productos
  agatres page 54: 99 productos
  agatres page 55: 99 productos
  agatres page 56: 99 productos
  agatres page 57: 99 productos
  agatres page 58: 99 productos
  agatres page 59: 99 productos
  agatres page 60: 99 productos
  agatres page 61: 99 productos
  agatres page 62: 99 productos
  agatres page 63: 47 productos
  agatres page 1: 99 productos
  agatres page 2: 99 productos
  agatres page 3: 99 productos
  agatres page 4: 99 productos
  agatres page 5: 99 productos
  agatres page 6: 99 productos
  agatres page 7: 99 productos
  agatres page 8: 99 productos
  agatres page 9: 99 productos
  agatres page 10: 99 productos
  agatres page 11: 99 productos
  agatres page 12: 99 productos
  agatres page 13: 99 productos
  agatres page 14: 99 productos
  agatres page 15: 99 productos
  agatres page 16: 99 productos
  agatres page 17: 99 productos
  agatres page 18: 99 productos
  agatres page 19: 99 productos
  agatres page 20: 99 productos
  agatres page 21: 99 productos
  agatres page 22: 99 productos
  agatres page 23: 99 productos
  agatres page 24: 99 productos
  agatres page 25: 99 productos
  agatres page 26: 99 productos
  agatres page 27: 99 productos
  agatres page 28: 99 productos
  agatres page 29: 99 productos
  agatres page 30: 99 productos
  agatres page 31: 99 productos
  agatres page 32: 99 productos
  agatres page 33: 99 productos
  agatres page 34: 99 productos
  agatres page 35: 99 productos
  agatres page 36: 99 productos
  agatres page 37: 99 productos
  agatres page 38: 99 productos
  agatres page 39: 99 productos
  agatres page 40: 99 productos
  agatres page 41: 99 productos
  agatres page 42: 99 productos
  agatres page 43: 99 productos
  agatres page 44: 99 productos
  agatres page 45: 99 productos
  agatres page 46: 99 productos
  agatres page 47: 99 productos
  agatres page 48: 99 productos
  agatres page 49: 99 productos
  agatres page 50: 99 productos
  agatres page 51: 99 productos
  agatres page 52: 99 productos
  agatres page 53: 99 productos
  agatres page 54: 99 productos
  agatres page 55: 99 productos
  agatres page 56: 99 productos
  agatres page 57: 99 productos
  agatres page 58: 99 productos
  agatres page 59: 99 productos
  agatres page 60: 99 productos
  agatres page 61: 99 productos
  agatres page 62: 99 productos
  agatres page 63: 47 productos
  agatres page 1: 99 productos
  agatres page 2: 99 productos
  agatres page 3: 99 productos
  agatres page 4: 99 productos
  agatres page 5: 99 productos
  agatres page 6: 99 productos
  agatres page 7: 99 productos
  agatres page 8: 99 productos
  agatres page 9: 99 productos
  agatres page 10: 99 productos
  agatres page 11: 99 productos
  agatres page 12: 99 productos
  agatres page 13: 99 productos
  agatres page 14: 99 productos
  agatres page 15: 99 productos
  agatres page 16: 99 productos
  agatres page 17: 99 productos
  agatres page 18: 99 productos
  agatres page 19: 99 productos
  agatres page 20: 99 productos
  agatres page 21: 99 productos
  agatres page 22: 99 productos
  agatres page 23: 99 productos
  agatres page 24: 99 productos
  agatres page 25: 99 productos
  agatres page 26: 99 productos
  agatres page 27: 99 productos
  agatres page 28: 99 productos
  agatres page 29: 99 productos
  agatres page 30: 99 productos
  agatres page 31: 99 productos
  agatres page 32: 99 productos
  agatres page 33: 99 productos
  agatres page 34: 99 productos
  agatres page 35: 99 productos
  agatres page 36: 99 productos
  agatres page 37: 99 productos
  agatres page 38: 99 productos
  agatres page 39: 99 productos
  agatres page 40: 99 productos
  agatres page 41: 99 productos
  agatres page 42: 99 productos
  agatres page 43: 99 productos
  agatres page 44: 99 productos
  agatres page 45: 99 productos
  agatres page 46: 99 productos
  agatres page 47: 99 productos
  agatres page 48: 99 productos
  agatres page 49: 99 productos
  agatres page 50: 99 productos
  agatres page 51: 99 productos
  agatres page 52: 99 productos
  agatres page 53: 99 productos
  agatres page 54: 99 productos
  agatres page 55: 99 productos
  agatres page 56: 99 productos
  agatres page 57: 99 productos
  agatres page 58: 99 productos
  agatres page 59: 99 productos
  agatres page 60: 99 productos
  agatres page 61: 99 productos
  agatres page 62: 99 productos
  agatres page 63: 47 productos
  agatres page 1: 99 productos
  agatres page 2: 99 productos
  agatres page 3: 99 productos
  agatres page 4: 99 productos
  agatres page 5: 99 productos
  agatres page 6: 99 productos
  agatres page 7: 99 productos
  agatres page 8: 99 productos
  agatres page 9: 99 productos
  agatres page 10: 99 productos
  agatres page 11: 99 productos
  agatres page 12: 99 productos
  agatres page 13: 99 productos
  agatres page 14: 99 productos
  agatres page 15: 99 productos
  agatres page 16: 99 productos
  agatres page 17: 99 productos
  agatres page 18: 99 productos
  agatres page 19: 99 productos
  agatres page 20: 99 productos
  agatres page 21: 99 productos
  agatres page 22: 99 productos
  agatres page 23: 99 productos
  agatres page 24: 99 productos
  agatres page 25: 99 productos
  agatres page 26: 99 productos
  agatres page 27: 99 productos
  agatres page 28: 99 productos
  agatres page 29: 99 productos
  agatres page 30: 99 productos
  agatres page 31: 99 productos
  agatres page 32: 99 productos
  agatres page 33: 99 productos
  agatres page 34: 99 productos
  agatres page 35: 99 productos
  agatres page 36: 99 productos
  agatres page 37: 99 productos
  agatres page 38: 99 productos
  agatres page 39: 99 productos
  agatres page 40: 99 productos
  agatres page 41: 99 productos
  agatres page 42: 99 productos
  agatres page 43: 99 productos
  agatres page 44: 99 productos
  agatres page 45: 99 productos
  agatres page 46: 99 productos
  agatres page 47: 99 productos
  agatres page 48: 99 productos
  agatres page 49: 99 productos
  agatres page 50: 99 productos
  agatres page 51: 99 productos
  agatres page 52: 99 productos
  agatres page 53: 99 productos
  agatres page 54: 99 productos
  agatres page 55: 99 productos
  agatres page 56: 99 productos
  agatres page 57: 99 productos
  agatres page 58: 99 productos
  agatres page 59: 99 productos
  agatres page 60: 99 productos
  agatres page 61: 99 productos
  agatres page 62: 99 productos
  agatres page 63: 47 productos
  [agatres] subidos 8 de 1499
  [lifebeach] nada nuevo (ya en DB)
  [mobilezone] nada nuevo (ya en DB)
  [atacadoconnect] subidos 3 de 19
  [madridcenter] nada nuevo (ya en DB)
  [tiendamovil] nada nuevo (ya en DB)
  [megaelectronicos] nada nuevo (ya en DB)
  [intershop] nada nuevo (ya en DB)
  [guaranielectro] subidos 63 de 63
  [electropar] subidos 11 de 11
  [electronica] nada nuevo (ya en DB)
cellshop Informatica: ....................................................................................................................................................................................................................................................................................................................................................................................................................................................................................................................................................................................................................................................................................................................................................................................................................................................................................................................................................................................................................................................................................................................................................................................................................